Archive member included to satisfy reference by file (symbol)

c:/ac6/systemworkbench/plugins/fr.ac6.mcu.externaltools.arm-none.win32_1.12.0.201611241417/tools/compiler/bin/../lib/gcc/arm-none-eabi/5.4.1/armv7-m\libgcc.a(_arm_addsubdf3.o)
                              src/instance.o (__aeabi_dsub)
c:/ac6/systemworkbench/plugins/fr.ac6.mcu.externaltools.arm-none.win32_1.12.0.201611241417/tools/compiler/bin/../lib/gcc/arm-none-eabi/5.4.1/armv7-m\libgcc.a(_arm_muldivdf3.o)
                              src/deca_device.o (__aeabi_dmul)
c:/ac6/systemworkbench/plugins/fr.ac6.mcu.externaltools.arm-none.win32_1.12.0.201611241417/tools/compiler/bin/../lib/gcc/arm-none-eabi/5.4.1/armv7-m\libgcc.a(_arm_cmpdf2.o)
                              src/instance_common.o (__aeabi_dcmplt)
c:/ac6/systemworkbench/plugins/fr.ac6.mcu.externaltools.arm-none.win32_1.12.0.201611241417/tools/compiler/bin/../lib/gcc/arm-none-eabi/5.4.1/armv7-m\libgcc.a(_arm_fixdfsi.o)
                              src/deca_range_tables.o (__aeabi_d2iz)
c:/ac6/systemworkbench/plugins/fr.ac6.mcu.externaltools.arm-none.win32_1.12.0.201611241417/tools/compiler/bin/../lib/gcc/arm-none-eabi/5.4.1/armv7-m\libgcc.a(_arm_fixunsdfsi.o)
                              src/instance_common.o (__aeabi_d2uiz)
c:/ac6/systemworkbench/plugins/fr.ac6.mcu.externaltools.arm-none.win32_1.12.0.201611241417/tools/compiler/bin/../lib/gcc/arm-none-eabi/5.4.1/armv7-m\libgcc.a(_arm_truncdfsf2.o)
                              src/instance_common.o (__aeabi_d2f)
c:/ac6/systemworkbench/plugins/fr.ac6.mcu.externaltools.arm-none.win32_1.12.0.201611241417/tools/compiler/bin/../lib/gcc/arm-none-eabi/5.4.1/armv7-m\libgcc.a(_arm_addsubsf3.o)
                              src/deca_range_tables.o (__aeabi_i2f)
c:/ac6/systemworkbench/plugins/fr.ac6.mcu.externaltools.arm-none.win32_1.12.0.201611241417/tools/compiler/bin/../lib/gcc/arm-none-eabi/5.4.1/armv7-m\libgcc.a(_fixdfdi.o)
                              src/instance.o (__aeabi_d2lz)
c:/ac6/systemworkbench/plugins/fr.ac6.mcu.externaltools.arm-none.win32_1.12.0.201611241417/tools/compiler/bin/../lib/gcc/arm-none-eabi/5.4.1/armv7-m\libgcc.a(_fixunsdfdi.o)
                              src/instance_common.o (__aeabi_d2ulz)
c:/ac6/systemworkbench/plugins/fr.ac6.mcu.externaltools.arm-none.win32_1.12.0.201611241417/tools/compiler/bin/../lib/gcc/arm-none-eabi/5.4.1/../../../../arm-none-eabi/lib/armv7-m\libc.a(lib_a-clock.o)
                              src/unistd.o (clock)
c:/ac6/systemworkbench/plugins/fr.ac6.mcu.externaltools.arm-none.win32_1.12.0.201611241417/tools/compiler/bin/../lib/gcc/arm-none-eabi/5.4.1/../../../../arm-none-eabi/lib/armv7-m\libc.a(lib_a-exit.o)
                              c:/ac6/systemworkbench/plugins/fr.ac6.mcu.externaltools.arm-none.win32_1.12.0.201611241417/tools/compiler/bin/../lib/gcc/arm-none-eabi/5.4.1/../../../../arm-none-eabi/lib/armv7-m/crt0.o (exit)
c:/ac6/systemworkbench/plugins/fr.ac6.mcu.externaltools.arm-none.win32_1.12.0.201611241417/tools/compiler/bin/../lib/gcc/arm-none-eabi/5.4.1/../../../../arm-none-eabi/lib/armv7-m\libc.a(lib_a-impure.o)
                              c:/ac6/systemworkbench/plugins/fr.ac6.mcu.externaltools.arm-none.win32_1.12.0.201611241417/tools/compiler/bin/../lib/gcc/arm-none-eabi/5.4.1/../../../../arm-none-eabi/lib/armv7-m\libc.a(lib_a-exit.o) (_global_impure_ptr)
c:/ac6/systemworkbench/plugins/fr.ac6.mcu.externaltools.arm-none.win32_1.12.0.201611241417/tools/compiler/bin/../lib/gcc/arm-none-eabi/5.4.1/../../../../arm-none-eabi/lib/armv7-m\libc.a(lib_a-init.o)
                              c:/ac6/systemworkbench/plugins/fr.ac6.mcu.externaltools.arm-none.win32_1.12.0.201611241417/tools/compiler/bin/../lib/gcc/arm-none-eabi/5.4.1/../../../../arm-none-eabi/lib/armv7-m/crt0.o (__libc_init_array)
c:/ac6/systemworkbench/plugins/fr.ac6.mcu.externaltools.arm-none.win32_1.12.0.201611241417/tools/compiler/bin/../lib/gcc/arm-none-eabi/5.4.1/../../../../arm-none-eabi/lib/armv7-m\libc.a(lib_a-memcmp.o)
                              src/instance.o (memcmp)
c:/ac6/systemworkbench/plugins/fr.ac6.mcu.externaltools.arm-none.win32_1.12.0.201611241417/tools/compiler/bin/../lib/gcc/arm-none-eabi/5.4.1/../../../../arm-none-eabi/lib/armv7-m\libc.a(lib_a-memcpy.o)
                              src/deca_usb.o (memcpy)
c:/ac6/systemworkbench/plugins/fr.ac6.mcu.externaltools.arm-none.win32_1.12.0.201611241417/tools/compiler/bin/../lib/gcc/arm-none-eabi/5.4.1/../../../../arm-none-eabi/lib/armv7-m\libc.a(lib_a-memset.o)
                              c:/ac6/systemworkbench/plugins/fr.ac6.mcu.externaltools.arm-none.win32_1.12.0.201611241417/tools/compiler/bin/../lib/gcc/arm-none-eabi/5.4.1/../../../../arm-none-eabi/lib/armv7-m/crt0.o (memset)
c:/ac6/systemworkbench/plugins/fr.ac6.mcu.externaltools.arm-none.win32_1.12.0.201611241417/tools/compiler/bin/../lib/gcc/arm-none-eabi/5.4.1/../../../../arm-none-eabi/lib/armv7-m\libc.a(lib_a-puts.o)
                              src/deca_device.o (puts)
[...]
Memory Configuration

Name             Origin             Length             Attributes
FLASH            0x08000000         0x00040000         xr
RAM              0x20000000         0x00008000         xrw
MEMORY_B1        0x60000000         0x00000000         xr
RW_EEPROM        0x08080000         0x00000020         rw
*default*        0x00000000         0xffffffff

Linker script and memory map

LOAD c:/ac6/systemworkbench/plugins/fr.ac6.mcu.externaltools.arm-none.win32_1.12.0.201611241417/tools/compiler/bin/../lib/gcc/arm-none-eabi/5.4.1/armv7-m/crti.o
LOAD c:/ac6/systemworkbench/plugins/fr.ac6.mcu.externaltools.arm-none.win32_1.12.0.201611241417/tools/compiler/bin/../lib/gcc/arm-none-eabi/5.4.1/armv7-m/crtbegin.o
LOAD c:/ac6/systemworkbench/plugins/fr.ac6.mcu.externaltools.arm-none.win32_1.12.0.201611241417/tools/compiler/bin/../lib/gcc/arm-none-eabi/5.4.1/../../../../arm-none-eabi/lib/armv7-m/crt0.o
LOAD c:/ac6/systemworkbench/plugins/fr.ac6.mcu.externaltools.arm-none.win32_1.12.0.201611241417/tools/compiler/bin/../lib/gcc/arm-none-eabi/5.4.1/../../../../arm-none-eabi/lib/armv7-m\libm.a
LOAD StdPeriph_Driver/src/misc.o
LOAD StdPeriph_Driver/src/stm32l1xx_adc.o
LOAD StdPeriph_Driver/src/stm32l1xx_aes.o
LOAD StdPeriph_Driver/src/stm32l1xx_aes_util.o
LOAD StdPeriph_Driver/src/stm32l1xx_comp.o
LOAD StdPeriph_Driver/src/stm32l1xx_crc.o
LOAD StdPeriph_Driver/src/stm32l1xx_dac.o
LOAD StdPeriph_Driver/src/stm32l1xx_dbgmcu.o
LOAD StdPeriph_Driver/src/stm32l1xx_dma.o
LOAD StdPeriph_Driver/src/stm32l1xx_exti.o
LOAD StdPeriph_Driver/src/stm32l1xx_flash.o
LOAD StdPeriph_Driver/src/stm32l1xx_flash_ramfunc.o
LOAD StdPeriph_Driver/src/stm32l1xx_fsmc.o
LOAD StdPeriph_Driver/src/stm32l1xx_gpio.o
LOAD StdPeriph_Driver/src/stm32l1xx_i2c.o
LOAD StdPeriph_Driver/src/stm32l1xx_iwdg.o
LOAD StdPeriph_Driver/src/stm32l1xx_lcd.o
LOAD StdPeriph_Driver/src/stm32l1xx_opamp.o
LOAD StdPeriph_Driver/src/stm32l1xx_pwr.o
LOAD StdPeriph_Driver/src/stm32l1xx_rcc.o
LOAD StdPeriph_Driver/src/stm32l1xx_rtc.o
LOAD StdPeriph_Driver/src/stm32l1xx_sdio.o
LOAD StdPeriph_Driver/src/stm32l1xx_spi.o
LOAD StdPeriph_Driver/src/stm32l1xx_syscfg.o
LOAD StdPeriph_Driver/src/stm32l1xx_tim.o
LOAD StdPeriph_Driver/src/stm32l1xx_usart.o
LOAD StdPeriph_Driver/src/stm32l1xx_wwdg.o
LOAD Utilities/stm32l_discovery_lcd.o
LOAD src/deca_device.o
LOAD src/deca_mutex.o
LOAD src/deca_params_init.o
LOAD src/deca_range_tables.o
LOAD src/deca_spi.o
LOAD src/deca_usb.o
LOAD src/deca_usb_bsp_evk1000.o
LOAD src/dma_spi.o
LOAD src/instance.o
LOAD src/instance_calib.o
LOAD src/instance_common.o
LOAD src/main.o
LOAD src/port.o
LOAD src/stm32l1xx_it.o
LOAD src/syscalls.o
LOAD src/unistd.o
LOAD src/usbd_cdc_core.o
LOAD src/usbd_core.o
LOAD src/usbd_desc.o
LOAD src/usbd_ioreq.o
LOAD src/usbd_req.o
LOAD src/usbd_usr.o
START GROUP
LOAD c:/ac6/systemworkbench/plugins/fr.ac6.mcu.externaltools.arm-none.win32_1.12.0.201611241417/tools/compiler/bin/../lib/gcc/arm-none-eabi/5.4.1/armv7-m\libgcc.a
LOAD c:/ac6/systemworkbench/plugins/fr.ac6.mcu.externaltools.arm-none.win32_1.12.0.201611241417/tools/compiler/bin/../lib/gcc/arm-none-eabi/5.4.1/../../../../arm-none-eabi/lib/armv7-m\libc.a
END GROUP
LOAD c:/ac6/systemworkbench/plugins/fr.ac6.mcu.externaltools.arm-none.win32_1.12.0.201611241417/tools/compiler/bin/../lib/gcc/arm-none-eabi/5.4.1/armv7-m/crtend.o
LOAD c:/ac6/systemworkbench/plugins/fr.ac6.mcu.externaltools.arm-none.win32_1.12.0.201611241417/tools/compiler/bin/../lib/gcc/arm-none-eabi/5.4.1/armv7-m/crtn.o
                0x20008000                _estack = 0x20008000
                0x00000000                _Min_Heap_Size = 0x0
                0x00000100                _Min_Stack_Size = 0x100

.isr_vector     0x08000000        0x0
                0x08000000                . = ALIGN (0x4)
 *(.isr_vector)
                0x08000000                . = ALIGN (0x4)

.text           0x08000000      0x160
                0x08000000                . = ALIGN (0x4)
 *(.text)
 .text          0x08000000       0x5c c:/ac6/systemworkbench/plugins/fr.ac6.mcu.externaltools.arm-none.win32_1.12.0.201611241417/tools/compiler/bin/../lib/gcc/arm-none-eabi/5.4.1/armv7-m/crtbegin.o
 *(.text*)
 .text.startup.register_fini
                0x0800005c       0x14 c:/ac6/systemworkbench/plugins/fr.ac6.mcu.externaltools.arm-none.win32_1.12.0.201611241417/tools/compiler/bin/../lib/gcc/arm-none-eabi/5.4.1/../../../../arm-none-eabi/lib/armv7-m\libc.a(lib_a-__call_atexit.o)
 .text.atexit   0x08000070        0xc c:/ac6/systemworkbench/plugins/fr.ac6.mcu.externaltools.arm-none.win32_1.12.0.201611241417/tools/compiler/bin/../lib/gcc/arm-none-eabi/5.4.1/../../../../arm-none-eabi/lib/armv7-m\libc.a(lib_a-atexit.o)
                0x08000070                atexit
 .text.__libc_fini_array
                0x0800007c       0x28 c:/ac6/systemworkbench/plugins/fr.ac6.mcu.externaltools.arm-none.win32_1.12.0.201611241417/tools/compiler/bin/../lib/gcc/arm-none-eabi/5.4.1/../../../../arm-none-eabi/lib/armv7-m\libc.a(lib_a-fini.o)
                0x0800007c                __libc_fini_array
 .text.__register_exitproc
                0x080000a4       0xa4 c:/ac6/systemworkbench/plugins/fr.ac6.mcu.externaltools.arm-none.win32_1.12.0.201611241417/tools/compiler/bin/../lib/gcc/arm-none-eabi/5.4.1/../../../../arm-none-eabi/lib/armv7-m\libc.a(lib_a-__atexit.o)
                0x080000a4                __register_exitproc
 *(.glue_7)
 .glue_7        0x08000148        0x0 linker stubs
 *(.glue_7t)
 .glue_7t       0x08000148        0x0 linker stubs
 *(.eh_frame)
 .eh_frame      0x08000148        0x0 c:/ac6/systemworkbench/plugins/fr.ac6.mcu.externaltools.arm-none.win32_1.12.0.201611241417/tools/compiler/bin/../lib/gcc/arm-none-eabi/5.4.1/armv7-m/crtbegin.o
 *(.init)
 .init          0x08000148        0x4 c:/ac6/systemworkbench/plugins/fr.ac6.mcu.externaltools.arm-none.win32_1.12.0.201611241417/tools/compiler/bin/../lib/gcc/arm-none-eabi/5.4.1/armv7-m/crti.o
                0x08000148                _init
 .init          0x0800014c        0x8 c:/ac6/systemworkbench/plugins/fr.ac6.mcu.externaltools.arm-none.win32_1.12.0.201611241417/tools/compiler/bin/../lib/gcc/arm-none-eabi/5.4.1/armv7-m/crtn.o
 *(.fini)
 .fini          0x08000154        0x4 c:/ac6/systemworkbench/plugins/fr.ac6.mcu.externaltools.arm-none.win32_1.12.0.201611241417/tools/compiler/bin/../lib/gcc/arm-none-eabi/5.4.1/armv7-m/crti.o
                0x08000154                _fini
 .fini          0x08000158        0x8 c:/ac6/systemworkbench/plugins/fr.ac6.mcu.externaltools.arm-none.win32_1.12.0.201611241417/tools/compiler/bin/../lib/gcc/arm-none-eabi/5.4.1/armv7-m/crtn.o
                0x08000160                . = ALIGN (0x4)
                0x08000160                _etext = .

.vfp11_veneer   0x08000160        0x0
 .vfp11_veneer  0x08000160        0x0 linker stubs

.v4_bx          0x08000160        0x0
 .v4_bx         0x08000160        0x0 linker stubs

.iplt           0x08000160        0x0
 .iplt          0x08000160        0x0 c:/ac6/systemworkbench/plugins/fr.ac6.mcu.externaltools.arm-none.win32_1.12.0.201611241417/tools/compiler/bin/../lib/gcc/arm-none-eabi/5.4.1/armv7-m/crtbegin.o

.rodata         0x08000160        0x8
                0x08000160                . = ALIGN (0x4)
 *(.rodata)
 *(.rodata*)
 .rodata.str1.4
                0x08000160        0x4 c:/ac6/systemworkbench/plugins/fr.ac6.mcu.externaltools.arm-none.win32_1.12.0.201611241417/tools/compiler/bin/../lib/gcc/arm-none-eabi/5.4.1/../../../../arm-none-eabi/lib/armv7-m\libc.a(lib_a-impure.o)
                                  0x2 (size before relaxing)
 .rodata._global_impure_ptr
                0x08000164        0x4 c:/ac6/systemworkbench/plugins/fr.ac6.mcu.externaltools.arm-none.win32_1.12.0.201611241417/tools/compiler/bin/../lib/gcc/arm-none-eabi/5.4.1/../../../../arm-none-eabi/lib/armv7-m\libc.a(lib_a-impure.o)
                0x08000164                _global_impure_ptr
                0x08000168                . = ALIGN (0x4)

.rel.dyn        0x08000168        0x0
 .rel.iplt      0x08000168        0x0 c:/ac6/systemworkbench/plugins/fr.ac6.mcu.externaltools.arm-none.win32_1.12.0.201611241417/tools/compiler/bin/../lib/gcc/arm-none-eabi/5.4.1/armv7-m/crtbegin.o

.ARM.extab
 *(.ARM.extab* .gnu.linkonce.armextab.*)

.ARM            0x08000168        0x0
                0x08000168                __exidx_start = .
 *(.ARM.exidx*)
                0x08000168                __exidx_end = .

.preinit_array  0x08000168        0x0
                0x08000168                PROVIDE (__preinit_array_start, .)
 *(.preinit_array*)
                0x08000168                PROVIDE (__preinit_array_end, .)

.init_array     0x08000168        0x8
                0x08000168                PROVIDE (__init_array_start, .)
 *(SORT(.init_array.*))
 .init_array.00000
                0x08000168        0x4 c:/ac6/systemworkbench/plugins/fr.ac6.mcu.externaltools.arm-none.win32_1.12.0.201611241417/tools/compiler/bin/../lib/gcc/arm-none-eabi/5.4.1/../../../../arm-none-eabi/lib/armv7-m\libc.a(lib_a-__call_atexit.o)
 *(.init_array*)
 .init_array    0x0800016c        0x4 c:/ac6/systemworkbench/plugins/fr.ac6.mcu.externaltools.arm-none.win32_1.12.0.201611241417/tools/compiler/bin/../lib/gcc/arm-none-eabi/5.4.1/armv7-m/crtbegin.o
                0x08000170                PROVIDE (__init_array_end, .)

.fini_array     0x08000170        0x4
                0x08000170                PROVIDE (__fini_array_start, .)
 *(SORT(.fini_array.*))
 *(.fini_array*)
 .fini_array    0x08000170        0x4 c:/ac6/systemworkbench/plugins/fr.ac6.mcu.externaltools.arm-none.win32_1.12.0.201611241417/tools/compiler/bin/../lib/gcc/arm-none-eabi/5.4.1/armv7-m/crtbegin.o
                0x08000174                PROVIDE (__fini_array_end, .)
                0x08000174                _sidata = LOADADDR (.data)

.data           0x20000000      0x428 load address 0x08000174
                0x20000000                . = ALIGN (0x4)
                0x20000000                _sdata = .
 *(.data)
 *(.data*)
 .data.impure_data
                0x20000000      0x428 c:/ac6/systemworkbench/plugins/fr.ac6.mcu.externaltools.arm-none.win32_1.12.0.201611241417/tools/compiler/bin/../lib/gcc/arm-none-eabi/5.4.1/../../../../arm-none-eabi/lib/armv7-m\libc.a(lib_a-impure.o)
                0x20000428                . = ALIGN (0x4)
                0x20000428                _edata = .

.jcr            0x20000428        0x0 load address 0x0800059c
 .jcr           0x20000428        0x0 c:/ac6/systemworkbench/plugins/fr.ac6.mcu.externaltools.arm-none.win32_1.12.0.201611241417/tools/compiler/bin/../lib/gcc/arm-none-eabi/5.4.1/armv7-m/crtbegin.o

.igot.plt       0x20000428        0x0 load address 0x0800059c
 .igot.plt      0x20000428        0x0 c:/ac6/systemworkbench/plugins/fr.ac6.mcu.externaltools.arm-none.win32_1.12.0.201611241417/tools/compiler/bin/../lib/gcc/arm-none-eabi/5.4.1/armv7-m/crtbegin.o
                0x20000428                . = ALIGN (0x4)

.bss            0x20000428       0x1c load address 0x0800059c
                0x20000428                _sbss = .
                0x20000428                __bss_start__ = _sbss
 *(.bss)
 .bss           0x20000428       0x1c c:/ac6/systemworkbench/plugins/fr.ac6.mcu.externaltools.arm-none.win32_1.12.0.201611241417/tools/compiler/bin/../lib/gcc/arm-none-eabi/5.4.1/armv7-m/crtbegin.o
 *(.bss*)
 *(COMMON)
                0x20000444                . = ALIGN (0x4)
                0x20000444                _ebss = .
                0x20000444                __bss_end__ = _ebss

._user_heap_stack
                0x20000444      0x104 load address 0x0800059c
                0x20000448                . = ALIGN (0x8)
 *fill*         0x20000444        0x4 
                [!provide]                PROVIDE (end, .)
                [!provide]                PROVIDE (_end, .)
                0x20000448                . = (. + _Min_Heap_Size)
                0x20000548                . = (. + _Min_Stack_Size)
 *fill*         0x20000448      0x100 
                0x20000548                . = ALIGN (0x8)

.memory_b1_text
 *(.mb1text)
 *(.mb1text*)
 *(.mb1rodata)
 *(.mb1rodata*)

/DISCARD/
 libc.a(*)
 libm.a(*)
 libgcc.a(*)

.ARM.attributes
                0x00000000       0x29
 *(.ARM.attributes)
 .ARM.attributes
                0x00000000       0x1d c:/ac6/systemworkbench/plugins/fr.ac6.mcu.externaltools.arm-none.win32_1.12.0.201611241417/tools/compiler/bin/../lib/gcc/arm-none-eabi/5.4.1/armv7-m/crti.o
 .ARM.attributes
                0x0000001d       0x2d c:/ac6/systemworkbench/plugins/fr.ac6.mcu.externaltools.arm-none.win32_1.12.0.201611241417/tools/compiler/bin/../lib/gcc/arm-none-eabi/5.4.1/armv7-m/crtbegin.o
 .ARM.attributes
                0x0000004a       0x2d c:/ac6/systemworkbench/plugins/fr.ac6.mcu.externaltools.arm-none.win32_1.12.0.201611241417/tools/compiler/bin/../lib/gcc/arm-none-eabi/5.4.1/../../../../arm-none-eabi/lib/armv7-m\libc.a(lib_a-impure.o)
 .ARM.attributes
                0x00000077       0x2d c:/ac6/systemworkbench/plugins/fr.ac6.mcu.externaltools.arm-none.win32_1.12.0.201611241417/tools/compiler/bin/../lib/gcc/arm-none-eabi/5.4.1/../../../../arm-none-eabi/lib/armv7-m\libc.a(lib_a-__call_atexit.o)
 .ARM.attributes
                0x000000a4       0x2d c:/ac6/systemworkbench/plugins/fr.ac6.mcu.externaltools.arm-none.win32_1.12.0.201611241417/tools/compiler/bin/../lib/gcc/arm-none-eabi/5.4.1/../../../../arm-none-eabi/lib/armv7-m\libc.a(lib_a-atexit.o)
 .ARM.attributes
                0x000000d1       0x2d c:/ac6/systemworkbench/plugins/fr.ac6.mcu.externaltools.arm-none.win32_1.12.0.201611241417/tools/compiler/bin/../lib/gcc/arm-none-eabi/5.4.1/../../../../arm-none-eabi/lib/armv7-m\libc.a(lib_a-fini.o)
 .ARM.attributes
                0x000000fe       0x2d c:/ac6/systemworkbench/plugins/fr.ac6.mcu.externaltools.arm-none.win32_1.12.0.201611241417/tools/compiler/bin/../lib/gcc/arm-none-eabi/5.4.1/../../../../arm-none-eabi/lib/armv7-m\libc.a(lib_a-__atexit.o)
 .ARM.attributes
                0x0000012b       0x1d c:/ac6/systemworkbench/plugins/fr.ac6.mcu.externaltools.arm-none.win32_1.12.0.201611241417/tools/compiler/bin/../lib/gcc/arm-none-eabi/5.4.1/armv7-m/crtn.o

.DataFlash
 *(.DataFlash)
OUTPUT(BEA_TAG_SW.elf elf32-littlearm)

.debug_frame    0x00000000       0xd8
 .debug_frame   0x00000000       0x50 c:/ac6/systemworkbench/plugins/fr.ac6.mcu.externaltools.arm-none.win32_1.12.0.201611241417/tools/compiler/bin/../lib/gcc/arm-none-eabi/5.4.1/../../../../arm-none-eabi/lib/armv7-m\libc.a(lib_a-__call_atexit.o)
 .debug_frame   0x00000050       0x20 c:/ac6/systemworkbench/plugins/fr.ac6.mcu.externaltools.arm-none.win32_1.12.0.201611241417/tools/compiler/bin/../lib/gcc/arm-none-eabi/5.4.1/../../../../arm-none-eabi/lib/armv7-m\libc.a(lib_a-atexit.o)
 .debug_frame   0x00000070       0x34 c:/ac6/systemworkbench/plugins/fr.ac6.mcu.externaltools.arm-none.win32_1.12.0.201611241417/tools/compiler/bin/../lib/gcc/arm-none-eabi/5.4.1/../../../../arm-none-eabi/lib/armv7-m\libc.a(lib_a-fini.o)
 .debug_frame   0x000000a4       0x34 c:/ac6/systemworkbench/plugins/fr.ac6.mcu.externaltools.arm-none.win32_1.12.0.201611241417/tools/compiler/bin/../lib/gcc/arm-none-eabi/5.4.1/../../../../arm-none-eabi/lib/armv7-m\libc.a(lib_a-__atexit.o)
