Archive member included to satisfy reference by file (symbol)

c:/ac6/systemworkbench/plugins/fr.ac6.mcu.externaltools.arm-none.win32_1.12.0.201611241417/tools/compiler/bin/../lib/gcc/arm-none-eabi/5.4.1/armv7-m\libgcc.a(_arm_addsubdf3.o)
                              src/instance.o (__aeabi_dsub)
c:/ac6/systemworkbench/plugins/fr.ac6.mcu.externaltools.arm-none.win32_1.12.0.201611241417/tools/compiler/bin/../lib/gcc/arm-none-eabi/5.4.1/armv7-m\libgcc.a(_arm_muldivdf3.o)
                              src/deca_device.o (__aeabi_dmul)
c:/ac6/systemworkbench/plugins/fr.ac6.mcu.externaltools.arm-none.win32_1.12.0.201611241417/tools/compiler/bin/../lib/gcc/arm-none-eabi/5.4.1/armv7-m\libgcc.a(_arm_cmpdf2.o)
                              src/instance_common.o (__aeabi_dcmplt)
c:/ac6/systemworkbench/plugins/fr.ac6.mcu.externaltools.arm-none.win32_1.12.0.201611241417/tools/compiler/bin/../lib/gcc/arm-none-eabi/5.4.1/armv7-m\libgcc.a(_arm_fixdfsi.o)
                              src/deca_range_tables.o (__aeabi_d2iz)
c:/ac6/systemworkbench/plugins/fr.ac6.mcu.externaltools.arm-none.win32_1.12.0.201611241417/tools/compiler/bin/../lib/gcc/arm-none-eabi/5.4.1/armv7-m\libgcc.a(_arm_fixunsdfsi.o)
                              src/instance_common.o (__aeabi_d2uiz)
c:/ac6/systemworkbench/plugins/fr.ac6.mcu.externaltools.arm-none.win32_1.12.0.201611241417/tools/compiler/bin/../lib/gcc/arm-none-eabi/5.4.1/armv7-m\libgcc.a(_arm_truncdfsf2.o)
                              src/instance_common.o (__aeabi_d2f)
c:/ac6/systemworkbench/plugins/fr.ac6.mcu.externaltools.arm-none.win32_1.12.0.201611241417/tools/compiler/bin/../lib/gcc/arm-none-eabi/5.4.1/armv7-m\libgcc.a(_arm_addsubsf3.o)
                              src/deca_range_tables.o (__aeabi_i2f)
c:/ac6/systemworkbench/plugins/fr.ac6.mcu.externaltools.arm-none.win32_1.12.0.201611241417/tools/compiler/bin/../lib/gcc/arm-none-eabi/5.4.1/armv7-m\libgcc.a(_fixdfdi.o)
                              src/instance.o (__aeabi_d2lz)
c:/ac6/systemworkbench/plugins/fr.ac6.mcu.externaltools.arm-none.win32_1.12.0.201611241417/tools/compiler/bin/../lib/gcc/arm-none-eabi/5.4.1/armv7-m\libgcc.a(_fixunsdfdi.o)
                              src/instance_common.o (__aeabi_d2ulz)
c:/ac6/systemworkbench/plugins/fr.ac6.mcu.externaltools.arm-none.win32_1.12.0.201611241417/tools/compiler/bin/../lib/gcc/arm-none-eabi/5.4.1/../../../../arm-none-eabi/lib/armv7-m\libc.a(lib_a-clock.o)
                              src/unistd.o (clock)
c:/ac6/systemworkbench/plugins/fr.ac6.mcu.externaltools.arm-none.win32_1.12.0.201611241417/tools/compiler/bin/../lib/gcc/arm-none-eabi/5.4.1/../../../../arm-none-eabi/lib/armv7-m\libc.a(lib_a-exit.o)
                              c:/ac6/systemworkbench/plugins/fr.ac6.mcu.externaltools.arm-none.win32_1.12.0.201611241417/tools/compiler/bin/../lib/gcc/arm-none-eabi/5.4.1/../../../../arm-none-eabi/lib/armv7-m/crt0.o (exit)
c:/ac6/systemworkbench/plugins/fr.ac6.mcu.externaltools.arm-none.win32_1.12.0.201611241417/tools/compiler/bin/../lib/gcc/arm-none-eabi/5.4.1/../../../../arm-none-eabi/lib/armv7-m\libc.a(lib_a-impure.o)
                              c:/ac6/systemworkbench/plugins/fr.ac6.mcu.externaltools.arm-none.win32_1.12.0.201611241417/tools/compiler/bin/../lib/gcc/arm-none-eabi/5.4.1/../../../../arm-none-eabi/lib/armv7-m\libc.a(lib_a-exit.o) (_global_impure_ptr)
c:/ac6/systemworkbench/plugins/fr.ac6.mcu.externaltools.arm-none.win32_1.12.0.201611241417/tools/compiler/bin/../lib/gcc/arm-none-eabi/5.4.1/../../../../arm-none-eabi/lib/armv7-m\libc.a(lib_a-init.o)
                              c:/ac6/systemworkbench/plugins/fr.ac6.mcu.externaltools.arm-none.win32_1.12.0.201611241417/tools/compiler/bin/../lib/gcc/arm-none-eabi/5.4.1/../../../../arm-none-eabi/lib/armv7-m/crt0.o (__libc_init_array)
c:/ac6/systemworkbench/plugins/fr.ac6.mcu.externaltools.arm-none.win32_1.12.0.201611241417/tools/compiler/bin/../lib/gcc/arm-none-eabi/5.4.1/../../../../arm-none-eabi/lib/armv7-m\libc.a(lib_a-memcmp.o)
                              src/instance.o (memcmp)
c:/ac6/systemworkbench/plugins/fr.ac6.mcu.externaltools.arm-none.win32_1.12.0.201611241417/tools/compiler/bin/../lib/gcc/arm-none-eabi/5.4.1/../../../../arm-none-eabi/lib/armv7-m\libc.a(lib_a-memcpy.o)
                              src/deca_usb.o (memcpy)
c:/ac6/systemworkbench/plugins/fr.ac6.mcu.externaltools.arm-none.win32_1.12.0.201611241417/tools/compiler/bin/../lib/gcc/arm-none-eabi/5.4.1/../../../../arm-none-eabi/lib/armv7-m\libc.a(lib_a-memset.o)
                              c:/ac6/systemworkbench/plugins/fr.ac6.mcu.externaltools.arm-none.win32_1.12.0.201611241417/tools/compiler/bin/../lib/gcc/arm-none-eabi/5.4.1/../../../../arm-none-eabi/lib/armv7-m/crt0.o (memset)
c:/ac6/systemworkbench/plugins/fr.ac6.mcu.externaltools.arm-none.win32_1.12.0.201611241417/tools/compiler/bin/../lib/gcc/arm-none-eabi/5.4.1/../../../../arm-none-eabi/lib/armv7-m\libc.a(lib_a-puts.o)
                              src/deca_device.o (puts)
[...]
Memory Configuration

Name             Origin             Length             Attributes
FLASH            0x08000000         0x00040000         xr
RAM              0x20000000         0x00008000         xrw
MEMORY_B1        0x60000000         0x00000000         xr
RW_EEPROM        0x08080000         0x00000020         rw
*default*        0x00000000         0xffffffff

Linker script and memory map

LOAD c:/ac6/systemworkbench/plugins/fr.ac6.mcu.externaltools.arm-none.win32_1.12.0.201611241417/tools/compiler/bin/../lib/gcc/arm-none-eabi/5.4.1/armv7-m/crti.o
LOAD c:/ac6/systemworkbench/plugins/fr.ac6.mcu.externaltools.arm-none.win32_1.12.0.201611241417/tools/compiler/bin/../lib/gcc/arm-none-eabi/5.4.1/armv7-m/crtbegin.o
LOAD c:/ac6/systemworkbench/plugins/fr.ac6.mcu.externaltools.arm-none.win32_1.12.0.201611241417/tools/compiler/bin/../lib/gcc/arm-none-eabi/5.4.1/../../../../arm-none-eabi/lib/armv7-m/crt0.o
LOAD c:/ac6/systemworkbench/plugins/fr.ac6.mcu.externaltools.arm-none.win32_1.12.0.201611241417/tools/compiler/bin/../lib/gcc/arm-none-eabi/5.4.1/../../../../arm-none-eabi/lib/armv7-m\libm.a
LOAD StdPeriph_Driver/src/misc.o
LOAD StdPeriph_Driver/src/stm32l1xx_adc.o
LOAD StdPeriph_Driver/src/stm32l1xx_aes.o
LOAD StdPeriph_Driver/src/stm32l1xx_aes_util.o
LOAD StdPeriph_Driver/src/stm32l1xx_comp.o
LOAD StdPeriph_Driver/src/stm32l1xx_crc.o
LOAD StdPeriph_Driver/src/stm32l1xx_dac.o
LOAD StdPeriph_Driver/src/stm32l1xx_dbgmcu.o
LOAD StdPeriph_Driver/src/stm32l1xx_dma.o
LOAD StdPeriph_Driver/src/stm32l1xx_exti.o
LOAD StdPeriph_Driver/src/stm32l1xx_flash.o
LOAD StdPeriph_Driver/src/stm32l1xx_flash_ramfunc.o
LOAD StdPeriph_Driver/src/stm32l1xx_fsmc.o
LOAD StdPeriph_Driver/src/stm32l1xx_gpio.o
LOAD StdPeriph_Driver/src/stm32l1xx_i2c.o
LOAD StdPeriph_Driver/src/stm32l1xx_iwdg.o
LOAD StdPeriph_Driver/src/stm32l1xx_lcd.o
LOAD StdPeriph_Driver/src/stm32l1xx_opamp.o
LOAD StdPeriph_Driver/src/stm32l1xx_pwr.o
LOAD StdPeriph_Driver/src/stm32l1xx_rcc.o
LOAD StdPeriph_Driver/src/stm32l1xx_rtc.o
LOAD StdPeriph_Driver/src/stm32l1xx_sdio.o
LOAD StdPeriph_Driver/src/stm32l1xx_spi.o
LOAD StdPeriph_Driver/src/stm32l1xx_syscfg.o
LOAD StdPeriph_Driver/src/stm32l1xx_tim.o
LOAD StdPeriph_Driver/src/stm32l1xx_usart.o
LOAD StdPeriph_Driver/src/stm32l1xx_wwdg.o
LOAD Utilities/stm32l_discovery_lcd.o
LOAD src/deca_device.o
LOAD src/deca_mutex.o
LOAD src/deca_params_init.o
LOAD src/deca_range_tables.o
LOAD src/deca_spi.o
LOAD src/deca_usb.o
LOAD src/deca_usb_bsp_evk1000.o
LOAD src/dma_spi.o
LOAD src/instance.o
LOAD src/instance_calib.o
LOAD src/instance_common.o
LOAD src/main.o
LOAD src/port.o
LOAD src/stm32l1xx_it.o
LOAD src/syscalls.o
LOAD src/system_stm32l1xx.o
LOAD src/unistd.o
LOAD src/usbd_cdc_core.o
LOAD src/usbd_core.o
LOAD src/usbd_desc.o
LOAD src/usbd_ioreq.o
LOAD src/usbd_req.o
LOAD src/usbd_usr.o
LOAD startup/startup_stm32l1xx_mdp.o
START GROUP
LOAD c:/ac6/systemworkbench/plugins/fr.ac6.mcu.externaltools.arm-none.win32_1.12.0.201611241417/tools/compiler/bin/../lib/gcc/arm-none-eabi/5.4.1/armv7-m\libgcc.a
LOAD c:/ac6/systemworkbench/plugins/fr.ac6.mcu.externaltools.arm-none.win32_1.12.0.201611241417/tools/compiler/bin/../lib/gcc/arm-none-eabi/5.4.1/../../../../arm-none-eabi/lib/armv7-m\libc.a
END GROUP
LOAD c:/ac6/systemworkbench/plugins/fr.ac6.mcu.externaltools.arm-none.win32_1.12.0.201611241417/tools/compiler/bin/../lib/gcc/arm-none-eabi/5.4.1/armv7-m/crtend.o
LOAD c:/ac6/systemworkbench/plugins/fr.ac6.mcu.externaltools.arm-none.win32_1.12.0.201611241417/tools/compiler/bin/../lib/gcc/arm-none-eabi/5.4.1/armv7-m/crtn.o
                0x20008000                _estack = 0x20008000
                0x00000000                _Min_Heap_Size = 0x0
                0x00000100                _Min_Stack_Size = 0x100

.isr_vector     0x08000000      0x13c
                0x08000000                . = ALIGN (0x4)
 *(.isr_vector)
 .isr_vector    0x08000000      0x13c startup/startup_stm32l1xx_mdp.o
                0x08000000                g_pfnVectors
                0x0800013c                . = ALIGN (0x4)

.text           0x08000140     0xc384
                0x08000140                . = ALIGN (0x4)
 *(.text)
 .text          0x08000140       0x5c c:/ac6/systemworkbench/plugins/fr.ac6.mcu.externaltools.arm-none.win32_1.12.0.201611241417/tools/compiler/bin/../lib/gcc/arm-none-eabi/5.4.1/armv7-m/crtbegin.o
 .text          0x0800019c      0x370 c:/ac6/systemworkbench/plugins/fr.ac6.mcu.externaltools.arm-none.win32_1.12.0.201611241417/tools/compiler/bin/../lib/gcc/arm-none-eabi/5.4.1/armv7-m\libgcc.a(_arm_addsubdf3.o)
                0x0800019c                __aeabi_drsub
                0x080001a4                __aeabi_dsub
                0x080001a4                __subdf3
                0x080001a8                __aeabi_dadd
                0x080001a8                __adddf3
                0x08000420                __floatunsidf
                0x08000420                __aeabi_ui2d
                0x08000440                __floatsidf
                0x08000440                __aeabi_i2d
                0x08000464                __aeabi_f2d
                0x08000464                __extendsfdf2
                0x080004a0                __floatundidf
                0x080004a0                __aeabi_ul2d
                0x080004b0                __floatdidf
                0x080004b0                __aeabi_l2d
 .text          0x0800050c      0x424 c:/ac6/systemworkbench/plugins/fr.ac6.mcu.externaltools.arm-none.win32_1.12.0.201611241417/tools/compiler/bin/../lib/gcc/arm-none-eabi/5.4.1/armv7-m\libgcc.a(_arm_muldivdf3.o)
                0x0800050c                __aeabi_dmul
                0x0800050c                __muldf3
                0x08000760                __divdf3
                0x08000760                __aeabi_ddiv
 .text          0x08000930      0x110 c:/ac6/systemworkbench/plugins/fr.ac6.mcu.externaltools.arm-none.win32_1.12.0.201611241417/tools/compiler/bin/../lib/gcc/arm-none-eabi/5.4.1/armv7-m\libgcc.a(_arm_cmpdf2.o)
                0x08000930                __gtdf2
                0x08000930                __gedf2
                0x08000938                __ltdf2
                0x08000938                __ledf2
                0x08000940                __nedf2
                0x08000940                __eqdf2
                0x08000940                __cmpdf2
                0x080009bc                __aeabi_cdrcmple
                0x080009cc                __aeabi_cdcmpeq
                0x080009cc                __aeabi_cdcmple
                0x080009dc                __aeabi_dcmpeq
                0x080009f0                __aeabi_dcmplt
                0x08000a04                __aeabi_dcmple
                0x08000a18                __aeabi_dcmpge
                0x08000a2c                __aeabi_dcmpgt
 .text          0x08000a40       0x50 c:/ac6/systemworkbench/plugins/fr.ac6.mcu.externaltools.arm-none.win32_1.12.0.201611241417/tools/compiler/bin/../lib/gcc/arm-none-eabi/5.4.1/armv7-m\libgcc.a(_arm_fixdfsi.o)
                0x08000a40                __aeabi_d2iz
                0x08000a40                __fixdfsi
 .text          0x08000a90       0x40 c:/ac6/systemworkbench/plugins/fr.ac6.mcu.externaltools.arm-none.win32_1.12.0.201611241417/tools/compiler/bin/../lib/gcc/arm-none-eabi/5.4.1/armv7-m\libgcc.a(_arm_fixunsdfsi.o)
                0x08000a90                __aeabi_d2uiz
                0x08000a90                __fixunsdfsi
 .text          0x08000ad0       0xa0 c:/ac6/systemworkbench/plugins/fr.ac6.mcu.externaltools.arm-none.win32_1.12.0.201611241417/tools/compiler/bin/../lib/gcc/arm-none-eabi/5.4.1/armv7-m\libgcc.a(_arm_truncdfsf2.o)
                0x08000ad0                __truncdfsf2
                0x08000ad0                __aeabi_d2f
 .text          0x08000b70      0x21c c:/ac6/systemworkbench/plugins/fr.ac6.mcu.externaltools.arm-none.win32_1.12.0.201611241417/tools/compiler/bin/../lib/gcc/arm-none-eabi/5.4.1/armv7-m\libgcc.a(_arm_addsubsf3.o)
                0x08000b70                __aeabi_frsub
                0x08000b78                __subsf3
                0x08000b78                __aeabi_fsub
                0x08000b7c                __aeabi_fadd
                0x08000b7c                __addsf3
                0x08000cdc                __aeabi_ui2f
                0x08000cdc                __floatunsisf
                0x08000ce4                __aeabi_i2f
                0x08000ce4                __floatsisf
                0x08000d00                __aeabi_ul2f
                0x08000d00                __floatundisf
                0x08000d10                __aeabi_l2f
                0x08000d10                __floatdisf
 .text          0x08000d8c       0x30 c:/ac6/systemworkbench/plugins/fr.ac6.mcu.externaltools.arm-none.win32_1.12.0.201611241417/tools/compiler/bin/../lib/gcc/arm-none-eabi/5.4.1/armv7-m\libgcc.a(_fixdfdi.o)
                0x08000d8c                __fixdfdi
                0x08000d8c                __aeabi_d2lz
 .text          0x08000dbc       0x48 c:/ac6/systemworkbench/plugins/fr.ac6.mcu.externaltools.arm-none.win32_1.12.0.201611241417/tools/compiler/bin/../lib/gcc/arm-none-eabi/5.4.1/armv7-m\libgcc.a(_fixunsdfdi.o)
                0x08000dbc                __fixunsdfdi
                0x08000dbc                __aeabi_d2ulz
 .text          0x08000e04       0xec c:/ac6/systemworkbench/plugins/fr.ac6.mcu.externaltools.arm-none.win32_1.12.0.201611241417/tools/compiler/bin/../lib/gcc/arm-none-eabi/5.4.1/../../../../arm-none-eabi/lib/armv7-m\libc.a(lib_a-memcpy.o)
                0x08000e04                memcpy
 .text          0x08000ef0       0x2c c:/ac6/systemworkbench/plugins/fr.ac6.mcu.externaltools.arm-none.win32_1.12.0.201611241417/tools/compiler/bin/../lib/gcc/arm-none-eabi/5.4.1/armv7-m\libgcc.a(_arm_unorddf2.o)
                0x08000ef0                __unorddf2
                0x08000ef0                __aeabi_dcmpun
 .text          0x08000f1c       0x30 c:/ac6/systemworkbench/plugins/fr.ac6.mcu.externaltools.arm-none.win32_1.12.0.201611241417/tools/compiler/bin/../lib/gcc/arm-none-eabi/5.4.1/armv7-m\libgcc.a(_aeabi_uldivmod.o)
                0x08000f1c                __aeabi_uldivmod
 .text          0x08000f4c      0x2ec c:/ac6/systemworkbench/plugins/fr.ac6.mcu.externaltools.arm-none.win32_1.12.0.201611241417/tools/compiler/bin/../lib/gcc/arm-none-eabi/5.4.1/armv7-m\libgcc.a(_udivmoddi4.o)
                0x08000f4c                __udivmoddi4
 .text          0x08001238        0x4 c:/ac6/systemworkbench/plugins/fr.ac6.mcu.externaltools.arm-none.win32_1.12.0.201611241417/tools/compiler/bin/../lib/gcc/arm-none-eabi/5.4.1/armv7-m\libgcc.a(_dvmd_tls.o)
                0x08001238                __aeabi_idiv0
                0x08001238                __aeabi_ldiv0
 *(.text*)
 .text.NVIC_PriorityGroupConfig
                0x0800123c       0x24 StdPeriph_Driver/src/misc.o
                0x0800123c                NVIC_PriorityGroupConfig
 .text.NVIC_Init
                0x08001260       0xc0 StdPeriph_Driver/src/misc.o
                0x08001260                NVIC_Init
 .text.ADC_CommonInit
                0x08001320       0x38 StdPeriph_Driver/src/stm32l1xx_adc.o
                0x08001320                ADC_CommonInit
 .text.ADC_GetITStatus
                0x08001358       0x5c StdPeriph_Driver/src/stm32l1xx_adc.o
                0x08001358                ADC_GetITStatus
 .text.ADC_ClearITPendingBit
                0x080013b4       0x2c StdPeriph_Driver/src/stm32l1xx_adc.o
                0x080013b4                ADC_ClearITPendingBit
 .text.EXTI_Init
                0x080013e0       0xe4 StdPeriph_Driver/src/stm32l1xx_exti.o
                0x080013e0                EXTI_Init
 .text.EXTI_ClearITPendingBit
                0x080014c4       0x1c StdPeriph_Driver/src/stm32l1xx_exti.o
                0x080014c4                EXTI_ClearITPendingBit
 .text.FLASH_SetLatency
                0x080014e0       0x38 StdPeriph_Driver/src/stm32l1xx_flash.o
                0x080014e0                FLASH_SetLatency
 .text.FLASH_PrefetchBufferCmd
                0x08001518       0x38 StdPeriph_Driver/src/stm32l1xx_flash.o
                0x08001518                FLASH_PrefetchBufferCmd
 .text.GPIO_Init
                0x08001550      0x134 StdPeriph_Driver/src/stm32l1xx_gpio.o
                0x08001550                GPIO_Init
 .text.GPIO_ReadInputDataBit
                0x08001684       0x38 StdPeriph_Driver/src/stm32l1xx_gpio.o
                0x08001684                GPIO_ReadInputDataBit
 .text.GPIO_SetBits
                0x080016bc       0x1c StdPeriph_Driver/src/stm32l1xx_gpio.o
                0x080016bc                GPIO_SetBits
 .text.GPIO_ResetBits
                0x080016d8       0x1c StdPeriph_Driver/src/stm32l1xx_gpio.o
                0x080016d8                GPIO_ResetBits
 .text.GPIO_ToggleBits
                0x080016f4       0x28 StdPeriph_Driver/src/stm32l1xx_gpio.o
                0x080016f4                GPIO_ToggleBits
 .text.GPIO_PinAFConfig
                0x0800171c       0x90 StdPeriph_Driver/src/stm32l1xx_gpio.o
                0x0800171c                GPIO_PinAFConfig
 .text.LCD_Init
                0x080017ac       0x60 StdPeriph_Driver/src/stm32l1xx_lcd.o
                0x080017ac                LCD_Init
 .text.LCD_Cmd  0x0800180c       0x20 StdPeriph_Driver/src/stm32l1xx_lcd.o
                0x0800180c                LCD_Cmd
 .text.LCD_WaitForSynchro
                0x0800182c       0x3c StdPeriph_Driver/src/stm32l1xx_lcd.o
                0x0800182c                LCD_WaitForSynchro
 .text.LCD_MuxSegmentCmd
                0x08001868       0x20 StdPeriph_Driver/src/stm32l1xx_lcd.o
                0x08001868                LCD_MuxSegmentCmd
 .text.LCD_PulseOnDurationConfig
                0x08001888       0x30 StdPeriph_Driver/src/stm32l1xx_lcd.o
                0x08001888                LCD_PulseOnDurationConfig
 .text.LCD_DeadTimeConfig
                0x080018b8       0x30 StdPeriph_Driver/src/stm32l1xx_lcd.o
                0x080018b8                LCD_DeadTimeConfig
 .text.LCD_BlinkConfig
                0x080018e8       0x34 StdPeriph_Driver/src/stm32l1xx_lcd.o
                0x080018e8                LCD_BlinkConfig
 .text.LCD_ContrastConfig
                0x0800191c       0x30 StdPeriph_Driver/src/stm32l1xx_lcd.o
                0x0800191c                LCD_ContrastConfig
 .text.LCD_UpdateDisplayRequest
                0x0800194c       0x18 StdPeriph_Driver/src/stm32l1xx_lcd.o
                0x0800194c                LCD_UpdateDisplayRequest
 .text.LCD_GetFlagStatus
                0x08001964       0x34 StdPeriph_Driver/src/stm32l1xx_lcd.o
                0x08001964                LCD_GetFlagStatus
 .text.PWR_EnterSTANDBYMode
                0x08001998       0x3c StdPeriph_Driver/src/stm32l1xx_pwr.o
                0x08001998                PWR_EnterSTANDBYMode
 .text.PWR_ClearFlag
                0x080019d4       0x24 StdPeriph_Driver/src/stm32l1xx_pwr.o
                0x080019d4                PWR_ClearFlag
 .text.RCC_DeInit
                0x080019f8       0x5c StdPeriph_Driver/src/stm32l1xx_rcc.o
                0x080019f8                RCC_DeInit
 .text.RCC_HSICmd
                0x08001a54       0x20 StdPeriph_Driver/src/stm32l1xx_rcc.o
                0x08001a54                RCC_HSICmd
 .text.RCC_LSICmd
                0x08001a74       0x20 StdPeriph_Driver/src/stm32l1xx_rcc.o
                0x08001a74                RCC_LSICmd
 .text.RCC_PLLConfig
                0x08001a94       0x34 StdPeriph_Driver/src/stm32l1xx_rcc.o
                0x08001a94                RCC_PLLConfig
 .text.RCC_PLLCmd
                0x08001ac8       0x20 StdPeriph_Driver/src/stm32l1xx_rcc.o
                0x08001ac8                RCC_PLLCmd
 .text.RCC_SYSCLKConfig
                0x08001ae8       0x38 StdPeriph_Driver/src/stm32l1xx_rcc.o
                0x08001ae8                RCC_SYSCLKConfig
 .text.RCC_GetSYSCLKSource
                0x08001b20       0x1c StdPeriph_Driver/src/stm32l1xx_rcc.o
                0x08001b20                RCC_GetSYSCLKSource
 .text.RCC_HCLKConfig
                0x08001b3c       0x38 StdPeriph_Driver/src/stm32l1xx_rcc.o
                0x08001b3c                RCC_HCLKConfig
 .text.RCC_PCLK1Config
                0x08001b74       0x38 StdPeriph_Driver/src/stm32l1xx_rcc.o
                0x08001b74                RCC_PCLK1Config
 .text.RCC_PCLK2Config
                0x08001bac       0x38 StdPeriph_Driver/src/stm32l1xx_rcc.o
                0x08001bac                RCC_PCLK2Config
 .text.RCC_GetClocksFreq
                0x08001be4      0x1b4 StdPeriph_Driver/src/stm32l1xx_rcc.o
                0x08001be4                RCC_GetClocksFreq
 .text.RCC_AHBPeriphClockCmd
                0x08001d98       0x3c StdPeriph_Driver/src/stm32l1xx_rcc.o
                0x08001d98                RCC_AHBPeriphClockCmd
 .text.RCC_APB2PeriphClockCmd
                0x08001dd4       0x3c StdPeriph_Driver/src/stm32l1xx_rcc.o
                0x08001dd4                RCC_APB2PeriphClockCmd
 .text.RCC_APB1PeriphClockCmd
                0x08001e10       0x3c StdPeriph_Driver/src/stm32l1xx_rcc.o
                0x08001e10                RCC_APB1PeriphClockCmd
 .text.RCC_APB2PeriphResetCmd
                0x08001e4c       0x3c StdPeriph_Driver/src/stm32l1xx_rcc.o
                0x08001e4c                RCC_APB2PeriphResetCmd
 .text.RCC_APB1PeriphResetCmd
                0x08001e88       0x3c StdPeriph_Driver/src/stm32l1xx_rcc.o
                0x08001e88                RCC_APB1PeriphResetCmd
 .text.RCC_GetFlagStatus
                0x08001ec4       0x64 StdPeriph_Driver/src/stm32l1xx_rcc.o
                0x08001ec4                RCC_GetFlagStatus
 .text.RTC_GetITStatus
                0x08001f28       0x70 StdPeriph_Driver/src/stm32l1xx_rtc.o
                0x08001f28                RTC_GetITStatus
 .text.RTC_ClearITPendingBit
                0x08001f98       0x38 StdPeriph_Driver/src/stm32l1xx_rtc.o
                0x08001f98                RTC_ClearITPendingBit
 .text.SPI_I2S_DeInit
                0x08001fd0       0x74 StdPeriph_Driver/src/stm32l1xx_spi.o
                0x08001fd0                SPI_I2S_DeInit
 .text.SPI_Init
                0x08002044       0x88 StdPeriph_Driver/src/stm32l1xx_spi.o
                0x08002044                SPI_Init
 .text.SPI_Cmd  0x080020cc       0x40 StdPeriph_Driver/src/stm32l1xx_spi.o
                0x080020cc                SPI_Cmd
 .text.SPI_SSOutputCmd
                0x0800210c       0x40 StdPeriph_Driver/src/stm32l1xx_spi.o
                0x0800210c                SPI_SSOutputCmd
 .text.SYSCFG_EXTILineConfig
                0x0800214c       0x84 StdPeriph_Driver/src/stm32l1xx_syscfg.o
                0x0800214c                SYSCFG_EXTILineConfig
 .text.TIM_TimeBaseInit
                0x080021d0       0xa4 StdPeriph_Driver/src/stm32l1xx_tim.o
                0x080021d0                TIM_TimeBaseInit
 .text.TIM_Cmd  0x08002274       0x40 StdPeriph_Driver/src/stm32l1xx_tim.o
                0x08002274                TIM_Cmd
 .text.LCD_bar  0x080022b4       0x4c Utilities/stm32l_discovery_lcd.o
                0x080022b4                LCD_bar
 .text.LCD_Conv_Char_Seg
                0x08002300      0x158 Utilities/stm32l_discovery_lcd.o
 .text.LCD_GLASS_WriteChar
                0x08002458      0x4bc Utilities/stm32l_discovery_lcd.o
                0x08002458                LCD_GLASS_WriteChar
 .text.LCD_GLASS_DisplayString
                0x08002914       0x50 Utilities/stm32l_discovery_lcd.o
                0x08002914                LCD_GLASS_DisplayString
 .text.LCD_GLASS_Clear
                0x08002964       0x48 Utilities/stm32l_discovery_lcd.o
                0x08002964                LCD_GLASS_Clear
 .text.dwt_initialise
                0x080029ac      0x20c src/deca_device.o
                0x080029ac                dwt_initialise
 .text.dwt_getldotune
                0x08002bb8       0x14 src/deca_device.o
                0x08002bb8                dwt_getldotune
 .text.dwt_getpartid
                0x08002bcc       0x14 src/deca_device.o
                0x08002bcc                dwt_getpartid
 .text.dwt_readdevid
                0x08002be0       0x14 src/deca_device.o
                0x08002be0                dwt_readdevid
 .text.dwt_configuretxrf
                0x08002bf4       0x2c src/deca_device.o
                0x08002bf4                dwt_configuretxrf
 .text.dwt_getotptxpower
                0x08002c20       0x3c src/deca_device.o
                0x08002c20                dwt_getotptxpower
 .text.dwt_configure
                0x08002c5c      0x33c src/deca_device.o
                0x08002c5c                dwt_configure
 .text.dwt_setrxantennadelay
                0x08002f98       0x2c src/deca_device.o
                0x08002f98                dwt_setrxantennadelay
 .text.dwt_settxantennadelay
                0x08002fc4       0x2c src/deca_device.o
                0x08002fc4                dwt_settxantennadelay
 .text.dwt_readantennadelay
                0x08002ff0       0x28 src/deca_device.o
                0x08002ff0                dwt_readantennadelay
 .text.dwt_writetxdata
                0x08003018       0x20 src/deca_device.o
                0x08003018                dwt_writetxdata
 .text.dwt_writetxfctrl
                0x08003038       0x1c src/deca_device.o
                0x08003038                dwt_writetxfctrl
 .text.dwt_readrxdata
                0x08003054       0x14 src/deca_device.o
                0x08003054                dwt_readrxdata
 .text.dwt_readtxtimestamp
                0x08003068        0xc src/deca_device.o
                0x08003068                dwt_readtxtimestamp
 .text.dwt_readrxtimestamp
                0x08003074        0xc src/deca_device.o
                0x08003074                dwt_readrxtimestamp
 .text.dwt_writetodevice
                0x08003080       0x58 src/deca_device.o
                0x08003080                dwt_writetodevice
 .text.dwt_readfromdevice
                0x080030d8       0x54 src/deca_device.o
                0x080030d8                dwt_readfromdevice
 .text.dwt_read32bitoffsetreg
                0x0800312c       0x44 src/deca_device.o
                0x0800312c                dwt_read32bitoffsetreg
 .text.dwt_read16bitoffsetreg
                0x08003170       0x30 src/deca_device.o
                0x08003170                dwt_read16bitoffsetreg
 .text.dwt_write16bitoffsetreg
                0x080031a0       0x20 src/deca_device.o
                0x080031a0                dwt_write16bitoffsetreg
 .text.dwt_write32bitoffsetreg
                0x080031c0       0x30 src/deca_device.o
                0x080031c0                dwt_write32bitoffsetreg
 .text.dwt_enableframefilter
                0x080031f0       0x40 src/deca_device.o
                0x080031f0                dwt_enableframefilter
 .text.dwt_setpanid
                0x08003230        0xc src/deca_device.o
                0x08003230                dwt_setpanid
 .text.dwt_seteui
                0x0800323c        0xc src/deca_device.o
                0x0800323c                dwt_seteui
 .text.dwt_geteui
                0x08003248        0xc src/deca_device.o
                0x08003248                dwt_geteui
 .text._dwt_otpread
                0x08003254       0x4c src/deca_device.o
                0x08003254                _dwt_otpread
 .text._dwt_aonarrayupload
                0x080032a0       0x30 src/deca_device.o
                0x080032a0                _dwt_aonarrayupload
 .text.dwt_entersleep
                0x080032d0        0x4 src/deca_device.o
                0x080032d0                dwt_entersleep
 .text.dwt_configuresleep
                0x080032d4       0x24 src/deca_device.o
                0x080032d4                dwt_configuresleep
 .text.dwt_entersleepaftertx
                0x080032f8       0x30 src/deca_device.o
                0x080032f8                dwt_entersleepaftertx
 .text._dwt_configlde
                0x08003328       0x40 src/deca_device.o
                0x08003328                _dwt_configlde
 .text._dwt_loaducodefromrom
                0x08003368       0x3c src/deca_device.o
                0x08003368                _dwt_loaducodefromrom
 .text.dwt_loadopsettabfromotp
                0x080033a4       0x38 src/deca_device.o
                0x080033a4                dwt_loadopsettabfromotp
 .text.dwt_setrxaftertxdelay
                0x080033dc       0x24 src/deca_device.o
                0x080033dc                dwt_setrxaftertxdelay
 .text.dwt_setcallbacks
                0x08003400        0xc src/deca_device.o
                0x08003400                dwt_setcallbacks
 .text.dwt_isr  0x0800340c      0x2b0 src/deca_device.o
                0x0800340c                dwt_isr
 .text.dwt_setleds
                0x080036bc       0xc4 src/deca_device.o
                0x080036bc                dwt_setleds
 .text._dwt_enableclocks
                0x08003780       0xe4 src/deca_device.o
                0x08003780                _dwt_enableclocks
 .text._dwt_disablesequencing
                0x08003864       0x18 src/deca_device.o
                0x08003864                _dwt_disablesequencing
 .text.dwt_setdelayedtrxtime
                0x0800387c        0xc src/deca_device.o
                0x0800387c                dwt_setdelayedtrxtime
 .text.dwt_starttx
                0x08003888       0xa8 src/deca_device.o
                0x08003888                dwt_starttx
 .text.dwt_checkoverrun
                0x08003930       0x10 src/deca_device.o
                0x08003930                dwt_checkoverrun
 .text.dwt_forcetrxoff
                0x08003940       0x64 src/deca_device.o
                0x08003940                dwt_forcetrxoff
 .text.dwt_syncrxbufptrs
                0x080039a4       0x34 src/deca_device.o
                0x080039a4                dwt_syncrxbufptrs
 .text.dwt_rxenable
                0x080039d8       0x68 src/deca_device.o
                0x080039d8                dwt_rxenable
 .text.dwt_setrxtimeout
                0x08003a40       0x64 src/deca_device.o
                0x08003a40                dwt_setrxtimeout
 .text.dwt_setinterrupt
                0x08003aa4       0x34 src/deca_device.o
                0x08003aa4                dwt_setinterrupt
 .text.dwt_configeventcounters
                0x08003ad8       0x34 src/deca_device.o
                0x08003ad8                dwt_configeventcounters
 .text.dwt_rxreset
                0x08003b0c       0x30 src/deca_device.o
                0x08003b0c                dwt_rxreset
 .text.dwt_softreset
                0x08003b3c       0x7c src/deca_device.o
                0x08003b3c                dwt_softreset
 .text.dwt_xtaltrim
                0x08003bb8       0x38 src/deca_device.o
                0x08003bb8                dwt_xtaltrim
 .text.NVIC_EnableIRQ
                0x08003bf0       0x30 src/deca_mutex.o
 .text.NVIC_DisableIRQ
                0x08003c20       0x34 src/deca_mutex.o
 .text.decamutexon
                0x08003c54       0x28 src/deca_mutex.o
                0x08003c54                decamutexon
 .text.decamutexoff
                0x08003c7c       0x1c src/deca_mutex.o
                0x08003c7c                decamutexoff
 .text.dwt_getrangebias
                0x08003c98      0x18c src/deca_range_tables.o
                0x08003c98                dwt_getrangebias
 .text.writetospi_serial
                0x08003e24       0x74 src/deca_spi.o
                0x08003e24                writetospi_serial
 .text.readfromspi_serial
                0x08003e98       0x78 src/deca_spi.o
                0x08003e98                readfromspi_serial
 .text.instanceconfigframeheader
                0x08003f10       0x44 src/instance.o
                0x08003f10                instanceconfigframeheader
 .text.setupmacframedata
                0x08003f54       0x24 src/instance.o
                0x08003f54                setupmacframedata
 .text.instancerxon
                0x08003f78       0x48 src/instance.o
                0x08003f78                instancerxon
 .text.instancesendpacket
                0x08003fc0       0x4c src/instance.o
                0x08003fc0                instancesendpacket
 .text.testapprun_s
                0x0800400c     0x1194 src/instance.o
                0x0800400c                testapprun_s
 .text.instance_init_s
                0x080051a0       0x88 src/instance.o
                0x080051a0                instance_init_s
 .text.instance_init_timings
                0x08005228      0x374 src/instance.o
                0x08005228                instance_init_timings
 .text.instance_get_addr
                0x0800559c      0x1bc src/instance.o
                0x0800559c                instance_get_addr
 .text.instance_get_anchaddr
                0x08005758      0x1bc src/instance.o
                0x08005758                instance_get_anchaddr
 *fill*         0x08005914        0x4 
 .text.convertmicrosectodevicetimeu
                0x08005918       0x60 src/instance_common.o
                0x08005918                convertmicrosectodevicetimeu
 .text.convertdevicetimetosec
                0x08005978       0x48 src/instance_common.o
                0x08005978                convertdevicetimetosec
 .text.reportTOF
                0x080059c0      0x2b8 src/instance_common.o
                0x080059c0                reportTOF
 .text.instaddtagtolist
                0x08005c78       0x9c src/instance_common.o
                0x08005c78                instaddtagtolist
 .text.instcleartaglist
                0x08005d14       0x7c src/instance_common.o
                0x08005d14                instcleartaglist
 .text.instancesetrole
                0x08005d90       0x20 src/instance_common.o
                0x08005d90                instancesetrole
 .text.instancenewrange
                0x08005db0       0x28 src/instance_common.o
                0x08005db0                instancenewrange
 .text.instancenewrangeancadd
                0x08005dd8       0x18 src/instance_common.o
                0x08005dd8                instancenewrangeancadd
 .text.instancenewrangetagadd
                0x08005df0       0x18 src/instance_common.o
                0x08005df0                instancenewrangetagadd
 .text.instanceanchorwaiting
                0x08005e08       0x18 src/instance_common.o
                0x08005e08                instanceanchorwaiting
 .text.instancesleeping
                0x08005e20       0x28 src/instance_common.o
                0x08005e20                instancesleeping
 .text.instanceclearcounts
                0x08005e48      0x158 src/instance_common.o
                0x08005e48                instanceclearcounts
 .text.instance_init
                0x08005fa0      0x190 src/instance_common.o
                0x08005fa0                instance_init
 .text.instancereaddeviceid
                0x08006130       0x10 src/instance_common.o
                0x08006130                instancereaddeviceid
 .text.instance_config
                0x08006140      0x35c src/instance_common.o
                0x08006140                instance_config
 .text.instancesettagsleepdelay
                0x0800649c       0x44 src/instance_common.o
                0x0800649c                instancesettagsleepdelay
 .text.instance_get_lcount
                0x080064e0       0x20 src/instance_common.o
                0x080064e0                instance_get_lcount
 .text.instance_get_idist
                0x08006500       0x24 src/instance_common.o
                0x08006500                instance_get_idist
 .text.instance_get_idistraw
                0x08006524       0x24 src/instance_common.o
                0x08006524                instance_get_idistraw
 .text.instance_get_adist
                0x08006548       0x24 src/instance_common.o
                0x08006548                instance_get_adist
 .text.inst_processrxtimeout
                0x0800656c       0x78 src/instance_common.o
                0x0800656c                inst_processrxtimeout
 .text.instance_txcallback
                0x080065e4      0x164 src/instance_common.o
                0x080065e4                instance_txcallback
 .text.instance_rxcallback
                0x08006748      0x4f8 src/instance_common.o
                0x08006748                instance_rxcallback
 .text.instance_peekevent
                0x08006c40       0x4c src/instance_common.o
                0x08006c40                instance_peekevent
 .text.instance_putevent
                0x08006c8c       0xfc src/instance_common.o
                0x08006c8c                instance_putevent
 .text.instance_getevent
                0x08006d88      0x228 src/instance_common.o
                0x08006d88                instance_getevent
 .text.instance_clearevents
                0x08006fb0       0x94 src/instance_common.o
                0x08006fb0                instance_clearevents
 .text.instance_setapprun
                0x08007044       0x24 src/instance_common.o
                0x08007044                instance_setapprun
 .text.instance_run
                0x08007068      0x208 src/instance_common.o
                0x08007068                instance_run
 .text.instance_notify_DW1000_inIDLE
                0x08007270       0x20 src/instance_common.o
                0x08007270                instance_notify_DW1000_inIDLE
 .text.instancesetantennadelays
                0x08007290       0x34 src/instance_common.o
                0x08007290                instancesetantennadelays
 .text.instancetxantdly
                0x080072c4       0x14 src/instance_common.o
                0x080072c4                instancetxantdly
 .text.instancerxantdly
                0x080072d8       0x14 src/instance_common.o
                0x080072d8                instancerxantdly
 .text.NVIC_EnableIRQ
                0x080072ec       0x30 src/main.o
 .text.NVIC_DisableIRQ
                0x0800731c       0x34 src/main.o
 .text.decarangingmode
                0x08007350       0x48 src/main.o
                0x08007350                decarangingmode
 .text.inittestapplication
                0x08007398      0x194 src/main.o
                0x08007398                inittestapplication
 .text.process_dwRSTn_irq
                0x0800752c       0x10 src/main.o
                0x0800752c                process_dwRSTn_irq
 .text.InitializeTimer
                0x0800753c       0x3c src/main.o
                0x0800753c                InitializeTimer
 .text.process_deca_irq
                0x08007578       0x20 src/main.o
                0x08007578                process_deca_irq
 .text.initLCD  0x08007598      0x1dc src/main.o
                0x08007598                initLCD
 .text.main     0x08007774      0x4c8 src/main.o
                0x08007774                main
 .text.NVIC_SetPriority
                0x08007c3c       0x54 src/port.o
 .text.SysTick_Config
                0x08007c90       0x44 src/port.o
 .text.portGetTickCnt
                0x08007cd4       0x14 src/port.o
                0x08007cd4                portGetTickCnt
 .text.SysTick_Configuration
                0x08007ce8       0x38 src/port.o
                0x08007ce8                SysTick_Configuration
 .text.NVIC_Configuration
                0x08007d20       0x88 src/port.o
                0x08007d20                NVIC_Configuration
 .text.EXTI_GetITEnStatus
                0x08007da8       0x3c src/port.o
                0x08007da8                EXTI_GetITEnStatus
 .text.RCC_Configuration
                0x08007de4       0xcc src/port.o
                0x08007de4                RCC_Configuration
 .text.SPI_ConfigFastRate
                0x08007eb0       0x58 src/port.o
                0x08007eb0                SPI_ConfigFastRate
 .text.SPI_Configuration
                0x08007f08       0xfc src/port.o
                0x08007f08                SPI_Configuration
 .text.GPIO_Configuration
                0x08008004       0x58 src/port.o
                0x08008004                GPIO_Configuration
 .text.reset_DW1000
                0x0800805c       0x50 src/port.o
                0x0800805c                reset_DW1000
 .text.setup_DW1000RSTnIRQ
                0x080080ac       0xb4 src/port.o
                0x080080ac                setup_DW1000RSTnIRQ
 .text.led_off  0x08008160       0x44 src/port.o
                0x08008160                led_off
 .text.led_on   0x080081a4       0x44 src/port.o
                0x080081a4                led_on
 .text.peripherals_init
                0x080081e8       0x1c src/port.o
                0x080081e8                peripherals_init
 .text.spi_peripheral_init
                0x08008204        0xc src/port.o
                0x08008204                spi_peripheral_init
 .text.NMI_Handler
                0x08008210        0xc src/stm32l1xx_it.o
                0x08008210                NMI_Handler
 .text.pop_registers_from_fault_stack
                0x0800821c       0x3c src/stm32l1xx_it.o
                0x0800821c                pop_registers_from_fault_stack
 .text.HardFault_Handler
                0x08008258       0x20 src/stm32l1xx_it.o
                0x08008258                HardFault_Handler
 .text.MemManage_Handler
                0x08008278        0x8 src/stm32l1xx_it.o
                0x08008278                MemManage_Handler
 .text.BusFault_Handler
                0x08008280        0x8 src/stm32l1xx_it.o
                0x08008280                BusFault_Handler
 .text.UsageFault_Handler
                0x08008288        0x8 src/stm32l1xx_it.o
                0x08008288                UsageFault_Handler
 .text.SVC_Handler
                0x08008290        0xc src/stm32l1xx_it.o
                0x08008290                SVC_Handler
 .text.DebugMon_Handler
                0x0800829c        0xc src/stm32l1xx_it.o
                0x0800829c                DebugMon_Handler
 .text.PendSV_Handler
                0x080082a8        0xc src/stm32l1xx_it.o
                0x080082a8                PendSV_Handler
 .text.RTC_WKUP_IRQHandler
                0x080082b4       0x28 src/stm32l1xx_it.o
                0x080082b4                RTC_WKUP_IRQHandler
 .text.SysTick_Handler
                0x080082dc       0x1c src/stm32l1xx_it.o
                0x080082dc                SysTick_Handler
 .text.EXTI15_10_IRQHandler
                0x080082f8       0x14 src/stm32l1xx_it.o
                0x080082f8                EXTI15_10_IRQHandler
 .text.EXTI3_IRQHandler
                0x0800830c       0x14 src/stm32l1xx_it.o
                0x0800830c                EXTI3_IRQHandler
 .text.EXTI2_IRQHandler
                0x08008320       0x14 src/stm32l1xx_it.o
                0x08008320                EXTI2_IRQHandler
 .text.ADC1_IRQHandler
                0x08008334       0x28 src/stm32l1xx_it.o
                0x08008334                ADC1_IRQHandler
 .text._write   0x0800835c       0x40 src/syscalls.o
                0x0800835c                _write
 .text._sbrk    0x0800839c       0x70 src/syscalls.o
                0x0800839c                _sbrk
 .text._times_r
                0x0800840c       0x38 src/syscalls.o
                0x0800840c                _times_r
 .text.SystemInit
                0x08008444       0x68 src/system_stm32l1xx.o
                0x08008444                SystemInit
 .text.SetSysClock
                0x080084ac       0xe8 src/system_stm32l1xx.o
 .text.usleep   0x08008594       0x3c src/unistd.o
                0x08008594                usleep
 .text.Reset_Handler
                0x080085d0       0x48 startup/startup_stm32l1xx_mdp.o
                0x080085d0                Reset_Handler
 .text.Default_Handler
                0x08008618        0x2 startup/startup_stm32l1xx_mdp.o
                0x08008618                RTC_Alarm_IRQHandler
                0x08008618                COMP_ACQ_IRQHandler
                0x08008618                TIM10_IRQHandler
                0x08008618                USB_HP_IRQHandler
                0x08008618                TIM6_IRQHandler
                0x08008618                PVD_IRQHandler
                0x08008618                EXTI0_IRQHandler
                0x08008618                I2C2_EV_IRQHandler
                0x08008618                SPI1_IRQHandler
                0x08008618                USB_FS_WKUP_IRQHandler
                0x08008618                DMA2_Channel2_IRQHandler
                0x08008618                DMA1_Channel4_IRQHandler
                0x08008618                USART3_IRQHandler
                0x08008618                DMA1_Channel7_IRQHandler
                0x08008618                LCD_IRQHandler
                0x08008618                TIM4_IRQHandler
                0x08008618                DMA2_Channel1_IRQHandler
                0x08008618                I2C1_EV_IRQHandler
                0x08008618                DMA1_Channel6_IRQHandler
                0x08008618                DMA2_Channel4_IRQHandler
                0x08008618                TIM3_IRQHandler
                0x08008618                RCC_IRQHandler
                0x08008618                DMA1_Channel1_IRQHandler
                0x08008618                Default_Handler
                0x08008618                TIM7_IRQHandler
                0x08008618                TIM5_IRQHandler
                0x08008618                EXTI9_5_IRQHandler
                0x08008618                TIM9_IRQHandler
                0x08008618                TAMPER_STAMP_IRQHandler
                0x08008618                SPI2_IRQHandler
                0x08008618                DMA2_Channel5_IRQHandler
                0x08008618                DMA1_Channel5_IRQHandler
                0x08008618                USB_LP_IRQHandler
                0x08008618                EXTI4_IRQHandler
                0x08008618                DMA1_Channel3_IRQHandler
                0x08008618                COMP_IRQHandler
                0x08008618                WWDG_IRQHandler
                0x08008618                TIM2_IRQHandler
                0x08008618                DAC_IRQHandler
                0x08008618                EXTI1_IRQHandler
                0x08008618                AES_IRQHandler
                0x08008618                TIM11_IRQHandler
                0x08008618                USART2_IRQHandler
                0x08008618                I2C2_ER_IRQHandler
                0x08008618                DMA1_Channel2_IRQHandler
                0x08008618                FLASH_IRQHandler
                0x08008618                USART1_IRQHandler
                0x08008618                SPI3_IRQHandler
                0x08008618                I2C1_ER_IRQHandler
                0x08008618                DMA2_Channel3_IRQHandler
 *fill*         0x0800861a        0x2 
 .text.clock    0x0800861c       0x2c c:/ac6/systemworkbench/plugins/fr.ac6.mcu.externaltools.arm-none.win32_1.12.0.201611241417/tools/compiler/bin/../lib/gcc/arm-none-eabi/5.4.1/../../../../arm-none-eabi/lib/armv7-m\libc.a(lib_a-clock.o)
                0x0800861c                clock
 .text.__libc_init_array
                0x08008648       0x50 c:/ac6/systemworkbench/plugins/fr.ac6.mcu.externaltools.arm-none.win32_1.12.0.201611241417/tools/compiler/bin/../lib/gcc/arm-none-eabi/5.4.1/../../../../arm-none-eabi/lib/armv7-m\libc.a(lib_a-init.o)
                0x08008648                __libc_init_array
 .text.memcmp   0x08008698       0x64 c:/ac6/systemworkbench/plugins/fr.ac6.mcu.externaltools.arm-none.win32_1.12.0.201611241417/tools/compiler/bin/../lib/gcc/arm-none-eabi/5.4.1/../../../../arm-none-eabi/lib/armv7-m\libc.a(lib_a-memcmp.o)
                0x08008698                memcmp
 .text.memset   0x080086fc       0x9c c:/ac6/systemworkbench/plugins/fr.ac6.mcu.externaltools.arm-none.win32_1.12.0.201611241417/tools/compiler/bin/../lib/gcc/arm-none-eabi/5.4.1/../../../../arm-none-eabi/lib/armv7-m\libc.a(lib_a-memset.o)
                0x080086fc                memset
 .text.sprintf  0x08008798       0x4c c:/ac6/systemworkbench/plugins/fr.ac6.mcu.externaltools.arm-none.win32_1.12.0.201611241417/tools/compiler/bin/../lib/gcc/arm-none-eabi/5.4.1/../../../../arm-none-eabi/lib/armv7-m\libc.a(lib_a-sprintf.o)
                0x08008798                sprintf
 .text.strlen   0x080087e4       0x5c c:/ac6/systemworkbench/plugins/fr.ac6.mcu.externaltools.arm-none.win32_1.12.0.201611241417/tools/compiler/bin/../lib/gcc/arm-none-eabi/5.4.1/../../../../arm-none-eabi/lib/armv7-m\libc.a(lib_a-strlen-stub.o)
                0x080087e4                strlen
 .text._svfprintf_r
                0x08008840     0x175c c:/ac6/systemworkbench/plugins/fr.ac6.mcu.externaltools.arm-none.win32_1.12.0.201611241417/tools/compiler/bin/../lib/gcc/arm-none-eabi/5.4.1/../../../../arm-none-eabi/lib/armv7-m\libc.a(lib_a-svfprintf.o)
                0x08008840                _svfprintf_r
 .text.startup.register_fini
                0x08009f9c       0x14 c:/ac6/systemworkbench/plugins/fr.ac6.mcu.externaltools.arm-none.win32_1.12.0.201611241417/tools/compiler/bin/../lib/gcc/arm-none-eabi/5.4.1/../../../../arm-none-eabi/lib/armv7-m\libc.a(lib_a-__call_atexit.o)
 .text.atexit   0x08009fb0        0xc c:/ac6/systemworkbench/plugins/fr.ac6.mcu.externaltools.arm-none.win32_1.12.0.201611241417/tools/compiler/bin/../lib/gcc/arm-none-eabi/5.4.1/../../../../arm-none-eabi/lib/armv7-m\libc.a(lib_a-atexit.o)
                0x08009fb0                atexit
 .text.quorem   0x08009fbc      0x12c c:/ac6/systemworkbench/plugins/fr.ac6.mcu.externaltools.arm-none.win32_1.12.0.201611241417/tools/compiler/bin/../lib/gcc/arm-none-eabi/5.4.1/../../../../arm-none-eabi/lib/armv7-m\libc.a(lib_a-dtoa.o)
 .text._dtoa_r  0x0800a0e8      0xe4c c:/ac6/systemworkbench/plugins/fr.ac6.mcu.externaltools.arm-none.win32_1.12.0.201611241417/tools/compiler/bin/../lib/gcc/arm-none-eabi/5.4.1/../../../../arm-none-eabi/lib/armv7-m\libc.a(lib_a-dtoa.o)
                0x0800a0e8                _dtoa_r
 .text.__libc_fini_array
                0x0800af34       0x28 c:/ac6/systemworkbench/plugins/fr.ac6.mcu.externaltools.arm-none.win32_1.12.0.201611241417/tools/compiler/bin/../lib/gcc/arm-none-eabi/5.4.1/../../../../arm-none-eabi/lib/armv7-m\libc.a(lib_a-fini.o)
                0x0800af34                __libc_fini_array
 .text._malloc_trim_r
                0x0800af5c       0x9c c:/ac6/systemworkbench/plugins/fr.ac6.mcu.externaltools.arm-none.win32_1.12.0.201611241417/tools/compiler/bin/../lib/gcc/arm-none-eabi/5.4.1/../../../../arm-none-eabi/lib/armv7-m\libc.a(lib_a-freer.o)
                0x0800af5c                _malloc_trim_r
 .text._free_r  0x0800aff8      0x1d0 c:/ac6/systemworkbench/plugins/fr.ac6.mcu.externaltools.arm-none.win32_1.12.0.201611241417/tools/compiler/bin/../lib/gcc/arm-none-eabi/5.4.1/../../../../arm-none-eabi/lib/armv7-m\libc.a(lib_a-freer.o)
                0x0800aff8                _free_r
 .text._localeconv_r
                0x0800b1c8        0x8 c:/ac6/systemworkbench/plugins/fr.ac6.mcu.externaltools.arm-none.win32_1.12.0.201611241417/tools/compiler/bin/../lib/gcc/arm-none-eabi/5.4.1/../../../../arm-none-eabi/lib/armv7-m\libc.a(lib_a-locale.o)
                0x0800b1c8                _localeconv_r
 .text._malloc_r
                0x0800b1d0      0x558 c:/ac6/systemworkbench/plugins/fr.ac6.mcu.externaltools.arm-none.win32_1.12.0.201611241417/tools/compiler/bin/../lib/gcc/arm-none-eabi/5.4.1/../../../../arm-none-eabi/lib/armv7-m\libc.a(lib_a-mallocr.o)
                0x0800b1d0                _malloc_r
 .text.memchr   0x0800b728       0x8c c:/ac6/systemworkbench/plugins/fr.ac6.mcu.externaltools.arm-none.win32_1.12.0.201611241417/tools/compiler/bin/../lib/gcc/arm-none-eabi/5.4.1/../../../../arm-none-eabi/lib/armv7-m\libc.a(lib_a-memchr-stub.o)
                0x0800b728                memchr
 .text.memmove  0x0800b7b4       0xc8 c:/ac6/systemworkbench/plugins/fr.ac6.mcu.externaltools.arm-none.win32_1.12.0.201611241417/tools/compiler/bin/../lib/gcc/arm-none-eabi/5.4.1/../../../../arm-none-eabi/lib/armv7-m\libc.a(lib_a-memmove.o)
                0x0800b7b4                memmove
 .text.__malloc_lock
                0x0800b87c        0x4 c:/ac6/systemworkbench/plugins/fr.ac6.mcu.externaltools.arm-none.win32_1.12.0.201611241417/tools/compiler/bin/../lib/gcc/arm-none-eabi/5.4.1/../../../../arm-none-eabi/lib/armv7-m\libc.a(lib_a-mlock.o)
                0x0800b87c                __malloc_lock
 .text.__malloc_unlock
                0x0800b880        0x4 c:/ac6/systemworkbench/plugins/fr.ac6.mcu.externaltools.arm-none.win32_1.12.0.201611241417/tools/compiler/bin/../lib/gcc/arm-none-eabi/5.4.1/../../../../arm-none-eabi/lib/armv7-m\libc.a(lib_a-mlock.o)
                0x0800b880                __malloc_unlock
 .text._Balloc  0x0800b884       0x50 c:/ac6/systemworkbench/plugins/fr.ac6.mcu.externaltools.arm-none.win32_1.12.0.201611241417/tools/compiler/bin/../lib/gcc/arm-none-eabi/5.4.1/../../../../arm-none-eabi/lib/armv7-m\libc.a(lib_a-mprec.o)
                0x0800b884                _Balloc
 .text._Bfree   0x0800b8d4       0x14 c:/ac6/systemworkbench/plugins/fr.ac6.mcu.externaltools.arm-none.win32_1.12.0.201611241417/tools/compiler/bin/../lib/gcc/arm-none-eabi/5.4.1/../../../../arm-none-eabi/lib/armv7-m\libc.a(lib_a-mprec.o)
                0x0800b8d4                _Bfree
 .text.__multadd
                0x0800b8e8       0x80 c:/ac6/systemworkbench/plugins/fr.ac6.mcu.externaltools.arm-none.win32_1.12.0.201611241417/tools/compiler/bin/../lib/gcc/arm-none-eabi/5.4.1/../../../../arm-none-eabi/lib/armv7-m\libc.a(lib_a-mprec.o)
                0x0800b8e8                __multadd
 .text.__hi0bits
                0x0800b968       0x40 c:/ac6/systemworkbench/plugins/fr.ac6.mcu.externaltools.arm-none.win32_1.12.0.201611241417/tools/compiler/bin/../lib/gcc/arm-none-eabi/5.4.1/../../../../arm-none-eabi/lib/armv7-m\libc.a(lib_a-mprec.o)
                0x0800b968                __hi0bits
 .text.__lo0bits
                0x0800b9a8       0x5c c:/ac6/systemworkbench/plugins/fr.ac6.mcu.externaltools.arm-none.win32_1.12.0.201611241417/tools/compiler/bin/../lib/gcc/arm-none-eabi/5.4.1/../../../../arm-none-eabi/lib/armv7-m\libc.a(lib_a-mprec.o)
                0x0800b9a8                __lo0bits
 .text.__i2b    0x0800ba04       0x14 c:/ac6/systemworkbench/plugins/fr.ac6.mcu.externaltools.arm-none.win32_1.12.0.201611241417/tools/compiler/bin/../lib/gcc/arm-none-eabi/5.4.1/../../../../arm-none-eabi/lib/armv7-m\libc.a(lib_a-mprec.o)
                0x0800ba04                __i2b
 .text.__multiply
                0x0800ba18      0x13c c:/ac6/systemworkbench/plugins/fr.ac6.mcu.externaltools.arm-none.win32_1.12.0.201611241417/tools/compiler/bin/../lib/gcc/arm-none-eabi/5.4.1/../../../../arm-none-eabi/lib/armv7-m\libc.a(lib_a-mprec.o)
                0x0800ba18                __multiply
 .text.__pow5mult
                0x0800bb54       0xa0 c:/ac6/systemworkbench/plugins/fr.ac6.mcu.externaltools.arm-none.win32_1.12.0.201611241417/tools/compiler/bin/../lib/gcc/arm-none-eabi/5.4.1/../../../../arm-none-eabi/lib/armv7-m\libc.a(lib_a-mprec.o)
                0x0800bb54                __pow5mult
 .text.__lshift
                0x0800bbf4       0xac c:/ac6/systemworkbench/plugins/fr.ac6.mcu.externaltools.arm-none.win32_1.12.0.201611241417/tools/compiler/bin/../lib/gcc/arm-none-eabi/5.4.1/../../../../arm-none-eabi/lib/armv7-m\libc.a(lib_a-mprec.o)
                0x0800bbf4                __lshift
 .text.__mcmp   0x0800bca0       0x40 c:/ac6/systemworkbench/plugins/fr.ac6.mcu.externaltools.arm-none.win32_1.12.0.201611241417/tools/compiler/bin/../lib/gcc/arm-none-eabi/5.4.1/../../../../arm-none-eabi/lib/armv7-m\libc.a(lib_a-mprec.o)
                0x0800bca0                __mcmp
 .text.__mdiff  0x0800bce0      0x128 c:/ac6/systemworkbench/plugins/fr.ac6.mcu.externaltools.arm-none.win32_1.12.0.201611241417/tools/compiler/bin/../lib/gcc/arm-none-eabi/5.4.1/../../../../arm-none-eabi/lib/armv7-m\libc.a(lib_a-mprec.o)
                0x0800bce0                __mdiff
 .text.__d2b    0x0800be08       0xa8 c:/ac6/systemworkbench/plugins/fr.ac6.mcu.externaltools.arm-none.win32_1.12.0.201611241417/tools/compiler/bin/../lib/gcc/arm-none-eabi/5.4.1/../../../../arm-none-eabi/lib/armv7-m\libc.a(lib_a-mprec.o)
                0x0800be08                __d2b
 .text._realloc_r
                0x0800beb0      0x3d4 c:/ac6/systemworkbench/plugins/fr.ac6.mcu.externaltools.arm-none.win32_1.12.0.201611241417/tools/compiler/bin/../lib/gcc/arm-none-eabi/5.4.1/../../../../arm-none-eabi/lib/armv7-m\libc.a(lib_a-reallocr.o)
                0x0800beb0                _realloc_r
 .text._sbrk_r  0x0800c284       0x24 c:/ac6/systemworkbench/plugins/fr.ac6.mcu.externaltools.arm-none.win32_1.12.0.201611241417/tools/compiler/bin/../lib/gcc/arm-none-eabi/5.4.1/../../../../arm-none-eabi/lib/armv7-m\libc.a(lib_a-sbrkr.o)
                0x0800c284                _sbrk_r
 .text.__ssprint_r
                0x0800c2a8      0x100 c:/ac6/systemworkbench/plugins/fr.ac6.mcu.externaltools.arm-none.win32_1.12.0.201611241417/tools/compiler/bin/../lib/gcc/arm-none-eabi/5.4.1/../../../../arm-none-eabi/lib/armv7-m\libc.a(lib_a-svfiprintf.o)
                0x0800c2a8                __ssprint_r
 .text.__register_exitproc
                0x0800c3a8       0xa4 c:/ac6/systemworkbench/plugins/fr.ac6.mcu.externaltools.arm-none.win32_1.12.0.201611241417/tools/compiler/bin/../lib/gcc/arm-none-eabi/5.4.1/../../../../arm-none-eabi/lib/armv7-m\libc.a(lib_a-__atexit.o)
                0x0800c3a8                __register_exitproc
 .text._calloc_r
                0x0800c44c       0x60 c:/ac6/systemworkbench/plugins/fr.ac6.mcu.externaltools.arm-none.win32_1.12.0.201611241417/tools/compiler/bin/../lib/gcc/arm-none-eabi/5.4.1/../../../../arm-none-eabi/lib/armv7-m\libc.a(lib_a-callocr.o)
                0x0800c44c                _calloc_r
 *(.glue_7)
 .glue_7        0x0800c4ac        0x0 linker stubs
 *(.glue_7t)
 .glue_7t       0x0800c4ac        0x0 linker stubs
 *(.eh_frame)
 .eh_frame      0x0800c4ac        0x0 c:/ac6/systemworkbench/plugins/fr.ac6.mcu.externaltools.arm-none.win32_1.12.0.201611241417/tools/compiler/bin/../lib/gcc/arm-none-eabi/5.4.1/armv7-m/crtbegin.o
 *(.init)
 .init          0x0800c4ac        0x4 c:/ac6/systemworkbench/plugins/fr.ac6.mcu.externaltools.arm-none.win32_1.12.0.201611241417/tools/compiler/bin/../lib/gcc/arm-none-eabi/5.4.1/armv7-m/crti.o
                0x0800c4ac                _init
 .init          0x0800c4b0        0x8 c:/ac6/systemworkbench/plugins/fr.ac6.mcu.externaltools.arm-none.win32_1.12.0.201611241417/tools/compiler/bin/../lib/gcc/arm-none-eabi/5.4.1/armv7-m/crtn.o
 *(.fini)
 .fini          0x0800c4b8        0x4 c:/ac6/systemworkbench/plugins/fr.ac6.mcu.externaltools.arm-none.win32_1.12.0.201611241417/tools/compiler/bin/../lib/gcc/arm-none-eabi/5.4.1/armv7-m/crti.o
                0x0800c4b8                _fini
 .fini          0x0800c4bc        0x8 c:/ac6/systemworkbench/plugins/fr.ac6.mcu.externaltools.arm-none.win32_1.12.0.201611241417/tools/compiler/bin/../lib/gcc/arm-none-eabi/5.4.1/armv7-m/crtn.o
                0x0800c4c4                . = ALIGN (0x4)
                0x0800c4c4                _etext = .

.vfp11_veneer   0x0800c4c4        0x0
 .vfp11_veneer  0x0800c4c4        0x0 linker stubs

.v4_bx          0x0800c4c4        0x0
 .v4_bx         0x0800c4c4        0x0 linker stubs

.iplt           0x0800c4c4        0x0
 .iplt          0x0800c4c4        0x0 c:/ac6/systemworkbench/plugins/fr.ac6.mcu.externaltools.arm-none.win32_1.12.0.201611241417/tools/compiler/bin/../lib/gcc/arm-none-eabi/5.4.1/armv7-m/crtbegin.o

.rodata         0x0800c4c8      0x7a4
                0x0800c4c8                . = ALIGN (0x4)
 *(.rodata)
 .rodata        0x0800c4c8       0x48 Utilities/stm32l_discovery_lcd.o
                0x0800c4c8                CapLetterMap
                0x0800c4fc                NumberMap
 .rodata        0x0800c510       0xb2 src/deca_params_init.o
                0x0800c510                chan_idx
                0x0800c518                tx_config
                0x0800c530                pll2_config
                0x0800c54e                pll2calcfg
                0x0800c550                rx_config
                0x0800c554                agc_config
                0x0800c55c                dwnsSFDlen
                0x0800c560                sftsh
                0x0800c56c                dtune1
                0x0800c570                digital_bb_config
                0x0800c590                lde_replicaCoeff
 *fill*         0x0800c5c2        0x2 
 .rodata        0x0800c5c4      0x20a src/deca_range_tables.o
                0x0800c5c4                chan_idxnb
                0x0800c5cc                chan_idxwb
                0x0800c5d4                range25cm16PRFnb
                0x0800c668                range25cm16PRFwb
                0x0800c6f0                range25cm64PRFnb
                0x0800c758                range25cm64PRFwb
 *fill*         0x0800c7ce        0x2 
 .rodata        0x0800c7d0       0xdc src/instance.o
 .rodata        0x0800c8ac       0xe3 src/instance_calib.o
                0x0800c8ac                rfDelays
                0x0800c8b0                txSpectrumConfig
 *fill*         0x0800c98f        0x1 
 .rodata        0x0800c990      0x134 src/main.o
 .rodata        0x0800cac4       0x21 src/syscalls.o
 *(.rodata*)
 *fill*         0x0800cae5        0x3 
 .rodata.str1.4
                0x0800cae8        0x2 c:/ac6/systemworkbench/plugins/fr.ac6.mcu.externaltools.arm-none.win32_1.12.0.201611241417/tools/compiler/bin/../lib/gcc/arm-none-eabi/5.4.1/../../../../arm-none-eabi/lib/armv7-m\libc.a(lib_a-impure.o)
 *fill*         0x0800caea        0x2 
 .rodata._global_impure_ptr
                0x0800caec        0x4 c:/ac6/systemworkbench/plugins/fr.ac6.mcu.externaltools.arm-none.win32_1.12.0.201611241417/tools/compiler/bin/../lib/gcc/arm-none-eabi/5.4.1/../../../../arm-none-eabi/lib/armv7-m\libc.a(lib_a-impure.o)
                0x0800caec                _global_impure_ptr
 .rodata.blanks.7055
                0x0800caf0       0x10 c:/ac6/systemworkbench/plugins/fr.ac6.mcu.externaltools.arm-none.win32_1.12.0.201611241417/tools/compiler/bin/../lib/gcc/arm-none-eabi/5.4.1/../../../../arm-none-eabi/lib/armv7-m\libc.a(lib_a-svfprintf.o)
 .rodata.str1.4
                0x0800cb00       0x42 c:/ac6/systemworkbench/plugins/fr.ac6.mcu.externaltools.arm-none.win32_1.12.0.201611241417/tools/compiler/bin/../lib/gcc/arm-none-eabi/5.4.1/../../../../arm-none-eabi/lib/armv7-m\libc.a(lib_a-svfprintf.o)
 *fill*         0x0800cb42        0x2 
 .rodata.zeroes.7056
                0x0800cb44       0x10 c:/ac6/systemworkbench/plugins/fr.ac6.mcu.externaltools.arm-none.win32_1.12.0.201611241417/tools/compiler/bin/../lib/gcc/arm-none-eabi/5.4.1/../../../../arm-none-eabi/lib/armv7-m\libc.a(lib_a-svfprintf.o)
 .rodata.str1.4
                0x0800cb54       0x10 c:/ac6/systemworkbench/plugins/fr.ac6.mcu.externaltools.arm-none.win32_1.12.0.201611241417/tools/compiler/bin/../lib/gcc/arm-none-eabi/5.4.1/../../../../arm-none-eabi/lib/armv7-m\libc.a(lib_a-dtoa.o)
                                 0x12 (size before relaxing)
 .rodata.str1.4
                0x0800cb64        0xc c:/ac6/systemworkbench/plugins/fr.ac6.mcu.externaltools.arm-none.win32_1.12.0.201611241417/tools/compiler/bin/../lib/gcc/arm-none-eabi/5.4.1/../../../../arm-none-eabi/lib/armv7-m\libc.a(lib_a-locale.o)
                                 0x12 (size before relaxing)
 .rodata.__mprec_tens
                0x0800cb70       0xc8 c:/ac6/systemworkbench/plugins/fr.ac6.mcu.externaltools.arm-none.win32_1.12.0.201611241417/tools/compiler/bin/../lib/gcc/arm-none-eabi/5.4.1/../../../../arm-none-eabi/lib/armv7-m\libc.a(lib_a-mprec.o)
                0x0800cb70                __mprec_tens
 .rodata.__mprec_bigtens
                0x0800cc38       0x28 c:/ac6/systemworkbench/plugins/fr.ac6.mcu.externaltools.arm-none.win32_1.12.0.201611241417/tools/compiler/bin/../lib/gcc/arm-none-eabi/5.4.1/../../../../arm-none-eabi/lib/armv7-m\libc.a(lib_a-mprec.o)
                0x0800cc38                __mprec_bigtens
 .rodata.p05.5396
                0x0800cc60        0xc c:/ac6/systemworkbench/plugins/fr.ac6.mcu.externaltools.arm-none.win32_1.12.0.201611241417/tools/compiler/bin/../lib/gcc/arm-none-eabi/5.4.1/../../../../arm-none-eabi/lib/armv7-m\libc.a(lib_a-mprec.o)
                0x0800cc6c                . = ALIGN (0x4)

.ARM.extab
 *(.ARM.extab* .gnu.linkonce.armextab.*)

.ARM            0x0800cc6c        0x8
                0x0800cc6c                __exidx_start = .
 *(.ARM.exidx*)
 .ARM.exidx     0x0800cc6c        0x8 c:/ac6/systemworkbench/plugins/fr.ac6.mcu.externaltools.arm-none.win32_1.12.0.201611241417/tools/compiler/bin/../lib/gcc/arm-none-eabi/5.4.1/armv7-m\libgcc.a(_udivmoddi4.o)
                0x0800cc74                __exidx_end = .

.rel.dyn        0x0800cc74        0x0
 .rel.iplt      0x0800cc74        0x0 c:/ac6/systemworkbench/plugins/fr.ac6.mcu.externaltools.arm-none.win32_1.12.0.201611241417/tools/compiler/bin/../lib/gcc/arm-none-eabi/5.4.1/armv7-m/crtbegin.o

.preinit_array  0x0800cc74        0x0
                0x0800cc74                PROVIDE (__preinit_array_start, .)
 *(.preinit_array*)
                0x0800cc74                PROVIDE (__preinit_array_end, .)

.init_array     0x0800cc74        0x8
                0x0800cc74                PROVIDE (__init_array_start, .)
 *(SORT(.init_array.*))
 .init_array.00000
                0x0800cc74        0x4 c:/ac6/systemworkbench/plugins/fr.ac6.mcu.externaltools.arm-none.win32_1.12.0.201611241417/tools/compiler/bin/../lib/gcc/arm-none-eabi/5.4.1/../../../../arm-none-eabi/lib/armv7-m\libc.a(lib_a-__call_atexit.o)
 *(.init_array*)
 .init_array    0x0800cc78        0x4 c:/ac6/systemworkbench/plugins/fr.ac6.mcu.externaltools.arm-none.win32_1.12.0.201611241417/tools/compiler/bin/../lib/gcc/arm-none-eabi/5.4.1/armv7-m/crtbegin.o
                0x0800cc7c                PROVIDE (__init_array_end, .)

.fini_array     0x0800cc7c        0x4
                0x0800cc7c                PROVIDE (__fini_array_start, .)
 *(SORT(.fini_array.*))
 *(.fini_array*)
 .fini_array    0x0800cc7c        0x4 c:/ac6/systemworkbench/plugins/fr.ac6.mcu.externaltools.arm-none.win32_1.12.0.201611241417/tools/compiler/bin/../lib/gcc/arm-none-eabi/5.4.1/armv7-m/crtbegin.o
                0x0800cc80                PROVIDE (__fini_array_end, .)
                0x0800cc80                _sidata = LOADADDR (.data)

.data           0x20000000      0x90c load address 0x0800cc80
                0x20000000                . = ALIGN (0x4)
                0x20000000                _sdata = .
 *(.data)
 .data          0x20000000       0x1c StdPeriph_Driver/src/stm32l1xx_rcc.o
 .data          0x2000001c       0x58 src/main.o
                0x2000001c                instance_mode
                0x20000020                n
                0x20000024                chConfig
 .data          0x20000074       0x20 src/system_stm32l1xx.o
                0x20000074                SystemCoreClock
                0x20000078                PLLMulTable
                0x20000084                AHBPrescTable
 *(.data*)
 *fill*         0x20000094        0x4 
 .data.impure_data
                0x20000098      0x428 c:/ac6/systemworkbench/plugins/fr.ac6.mcu.externaltools.arm-none.win32_1.12.0.201611241417/tools/compiler/bin/../lib/gcc/arm-none-eabi/5.4.1/../../../../arm-none-eabi/lib/armv7-m\libc.a(lib_a-impure.o)
 .data._impure_ptr
                0x200004c0        0x4 c:/ac6/systemworkbench/plugins/fr.ac6.mcu.externaltools.arm-none.win32_1.12.0.201611241417/tools/compiler/bin/../lib/gcc/arm-none-eabi/5.4.1/../../../../arm-none-eabi/lib/armv7-m\libc.a(lib_a-impure.o)
                0x200004c0                _impure_ptr
 .data.lconv    0x200004c4       0x38 c:/ac6/systemworkbench/plugins/fr.ac6.mcu.externaltools.arm-none.win32_1.12.0.201611241417/tools/compiler/bin/../lib/gcc/arm-none-eabi/5.4.1/../../../../arm-none-eabi/lib/armv7-m\libc.a(lib_a-locale.o)
 .data.__malloc_av_
                0x200004fc      0x408 c:/ac6/systemworkbench/plugins/fr.ac6.mcu.externaltools.arm-none.win32_1.12.0.201611241417/tools/compiler/bin/../lib/gcc/arm-none-eabi/5.4.1/../../../../arm-none-eabi/lib/armv7-m\libc.a(lib_a-mallocr.o)
                0x200004fc                __malloc_av_
 .data.__malloc_trim_threshold
                0x20000904        0x4 c:/ac6/systemworkbench/plugins/fr.ac6.mcu.externaltools.arm-none.win32_1.12.0.201611241417/tools/compiler/bin/../lib/gcc/arm-none-eabi/5.4.1/../../../../arm-none-eabi/lib/armv7-m\libc.a(lib_a-mallocr.o)
                0x20000904                __malloc_trim_threshold
 .data.__malloc_sbrk_base
                0x20000908        0x4 c:/ac6/systemworkbench/plugins/fr.ac6.mcu.externaltools.arm-none.win32_1.12.0.201611241417/tools/compiler/bin/../lib/gcc/arm-none-eabi/5.4.1/../../../../arm-none-eabi/lib/armv7-m\libc.a(lib_a-mallocr.o)
                0x20000908                __malloc_sbrk_base
                0x2000090c                . = ALIGN (0x4)
                0x2000090c                _edata = .

.jcr            0x2000090c        0x0 load address 0x0800d58c
 .jcr           0x2000090c        0x0 c:/ac6/systemworkbench/plugins/fr.ac6.mcu.externaltools.arm-none.win32_1.12.0.201611241417/tools/compiler/bin/../lib/gcc/arm-none-eabi/5.4.1/armv7-m/crtbegin.o

.igot.plt       0x2000090c        0x0 load address 0x0800d58c
 .igot.plt      0x2000090c        0x0 c:/ac6/systemworkbench/plugins/fr.ac6.mcu.externaltools.arm-none.win32_1.12.0.201611241417/tools/compiler/bin/../lib/gcc/arm-none-eabi/5.4.1/armv7-m/crtbegin.o
                0x2000090c                . = ALIGN (0x4)

.bss            0x20000910     0x3620 load address 0x0800d58c
                0x20000910                _sbss = .
                0x20000910                __bss_start__ = _sbss
 *(.bss)
 .bss           0x20000910       0x1c c:/ac6/systemworkbench/plugins/fr.ac6.mcu.externaltools.arm-none.win32_1.12.0.201611241417/tools/compiler/bin/../lib/gcc/arm-none-eabi/5.4.1/armv7-m/crtbegin.o
 .bss           0x2000092c        0x6 Utilities/stm32l_discovery_lcd.o
                0x2000092c                KeyPressed
                0x20000930                t_bar
 *fill*         0x20000932        0x2 
 .bss           0x20000934       0x80 src/deca_device.o
 *fill*         0x200009b4        0x4 
 .bss           0x200009b8       0x20 src/instance_common.o
                0x200009b8                inst_idist
                0x200009c0                inst_idistraw
                0x200009c8                inst_adist
                0x200009d0                inst_ldist
 .bss           0x200009d8       0x18 src/main.o
                0x200009d8                instance_anchaddr
                0x200009dc                dr_mode
                0x200009e0                s1switch
                0x200009e4                ranging
                0x200009e8                max_range
 .bss           0x200009f0        0x4 src/syscalls.o
 *(.bss*)
 .bss.__malloc_max_total_mem
                0x200009f4        0x4 c:/ac6/systemworkbench/plugins/fr.ac6.mcu.externaltools.arm-none.win32_1.12.0.201611241417/tools/compiler/bin/../lib/gcc/arm-none-eabi/5.4.1/../../../../arm-none-eabi/lib/armv7-m\libc.a(lib_a-mallocr.o)
                0x200009f4                __malloc_max_total_mem
 .bss.__malloc_max_sbrked_mem
                0x200009f8        0x4 c:/ac6/systemworkbench/plugins/fr.ac6.mcu.externaltools.arm-none.win32_1.12.0.201611241417/tools/compiler/bin/../lib/gcc/arm-none-eabi/5.4.1/../../../../arm-none-eabi/lib/armv7-m\libc.a(lib_a-mallocr.o)
                0x200009f8                __malloc_max_sbrked_mem
 .bss.__malloc_top_pad
                0x200009fc        0x4 c:/ac6/systemworkbench/plugins/fr.ac6.mcu.externaltools.arm-none.win32_1.12.0.201611241417/tools/compiler/bin/../lib/gcc/arm-none-eabi/5.4.1/../../../../arm-none-eabi/lib/armv7-m\libc.a(lib_a-mallocr.o)
                0x200009fc                __malloc_top_pad
 .bss.__malloc_current_mallinfo
                0x20000a00       0x28 c:/ac6/systemworkbench/plugins/fr.ac6.mcu.externaltools.arm-none.win32_1.12.0.201611241417/tools/compiler/bin/../lib/gcc/arm-none-eabi/5.4.1/../../../../arm-none-eabi/lib/armv7-m\libc.a(lib_a-mallocr.o)
                0x20000a00                __malloc_current_mallinfo
 *(COMMON)
 COMMON         0x20000a28     0x3390 src/deca_usb.o
                0x20000a28                s1configswitch
                0x20000a2c                version
                0x20000a30                version_size
                0x20000a34                tx_buff
                0x20001dbc                USB_OTG_dev
                0x200023b0                instance_data
                0x20002a30                local_buff
 COMMON         0x20003db8       0x9c src/instance_common.o
                0x20003db8                dw_event_g
                0x20003e50                instance_localdata
 COMMON         0x20003e54       0xd4 src/main.o
                0x20003e54                tagaddr
                0x20003e58                dataseq
                0x20003ebc                dataseq1
                0x20003f20                chan
                0x20003f24                ancaddr
 COMMON         0x20003f28        0x4 src/stm32l1xx_it.o
                0x20003f28                time32_incr
 COMMON         0x20003f2c        0x4 c:/ac6/systemworkbench/plugins/fr.ac6.mcu.externaltools.arm-none.win32_1.12.0.201611241417/tools/compiler/bin/../lib/gcc/arm-none-eabi/5.4.1/../../../../arm-none-eabi/lib/armv7-m\libc.a(lib_a-reent.o)
                0x20003f2c                errno
                0x20003f30                . = ALIGN (0x4)
                0x20003f30                _ebss = .
                0x20003f30                __bss_end__ = _ebss

._user_heap_stack
                0x20003f30      0x100 load address 0x0800d58c
                0x20003f30                . = ALIGN (0x8)
                [!provide]                PROVIDE (end, .)
                [!provide]                PROVIDE (_end, .)
                0x20003f30                . = (. + _Min_Heap_Size)
                0x20004030                . = (. + _Min_Stack_Size)
 *fill*         0x20003f30      0x100 
                0x20004030                . = ALIGN (0x8)

.memory_b1_text
 *(.mb1text)
 *(.mb1text*)
 *(.mb1rodata)
 *(.mb1rodata*)

/DISCARD/
 libc.a(*)
 libm.a(*)
 libgcc.a(*)

.ARM.attributes
                0x00000000       0x29
 *(.ARM.attributes)
 .ARM.attributes
                0x00000000       0x1d c:/ac6/systemworkbench/plugins/fr.ac6.mcu.externaltools.arm-none.win32_1.12.0.201611241417/tools/compiler/bin/../lib/gcc/arm-none-eabi/5.4.1/armv7-m/crti.o
 .ARM.attributes
                0x0000001d       0x2d c:/ac6/systemworkbench/plugins/fr.ac6.mcu.externaltools.arm-none.win32_1.12.0.201611241417/tools/compiler/bin/../lib/gcc/arm-none-eabi/5.4.1/armv7-m/crtbegin.o
 .ARM.attributes
                0x0000004a       0x33 StdPeriph_Driver/src/misc.o
 .ARM.attributes
                0x0000007d       0x33 StdPeriph_Driver/src/stm32l1xx_adc.o
 .ARM.attributes
                0x000000b0       0x33 StdPeriph_Driver/src/stm32l1xx_exti.o
 .ARM.attributes
                0x000000e3       0x33 StdPeriph_Driver/src/stm32l1xx_flash.o
 .ARM.attributes
                0x00000116       0x33 StdPeriph_Driver/src/stm32l1xx_gpio.o
 .ARM.attributes
                0x00000149       0x33 StdPeriph_Driver/src/stm32l1xx_lcd.o
 .ARM.attributes
                0x0000017c       0x33 StdPeriph_Driver/src/stm32l1xx_pwr.o
 .ARM.attributes
                0x000001af       0x33 StdPeriph_Driver/src/stm32l1xx_rcc.o
 .ARM.attributes
                0x000001e2       0x33 StdPeriph_Driver/src/stm32l1xx_rtc.o
 .ARM.attributes
                0x00000215       0x33 StdPeriph_Driver/src/stm32l1xx_spi.o
 .ARM.attributes
                0x00000248       0x33 StdPeriph_Driver/src/stm32l1xx_syscfg.o
 .ARM.attributes
                0x0000027b       0x33 StdPeriph_Driver/src/stm32l1xx_tim.o
 .ARM.attributes
                0x000002ae       0x33 Utilities/stm32l_discovery_lcd.o
 .ARM.attributes
                0x000002e1       0x33 src/deca_device.o
 .ARM.attributes
                0x00000314       0x33 src/deca_mutex.o
 .ARM.attributes
                0x00000347       0x33 src/deca_params_init.o
 .ARM.attributes
                0x0000037a       0x33 src/deca_range_tables.o
 .ARM.attributes
                0x000003ad       0x33 src/deca_spi.o
 .ARM.attributes
                0x000003e0       0x33 src/deca_usb.o
 .ARM.attributes
                0x00000413       0x33 src/instance.o
 .ARM.attributes
                0x00000446       0x33 src/instance_calib.o
 .ARM.attributes
                0x00000479       0x33 src/instance_common.o
 .ARM.attributes
                0x000004ac       0x33 src/main.o
 .ARM.attributes
                0x000004df       0x33 src/port.o
 .ARM.attributes
                0x00000512       0x33 src/stm32l1xx_it.o
 .ARM.attributes
                0x00000545       0x33 src/syscalls.o
 .ARM.attributes
                0x00000578       0x33 src/system_stm32l1xx.o
 .ARM.attributes
                0x000005ab       0x33 src/unistd.o
 .ARM.attributes
                0x000005de       0x21 startup/startup_stm32l1xx_mdp.o
 .ARM.attributes
                0x000005ff       0x1d c:/ac6/systemworkbench/plugins/fr.ac6.mcu.externaltools.arm-none.win32_1.12.0.201611241417/tools/compiler/bin/../lib/gcc/arm-none-eabi/5.4.1/armv7-m\libgcc.a(_arm_addsubdf3.o)
 .ARM.attributes
                0x0000061c       0x1d c:/ac6/systemworkbench/plugins/fr.ac6.mcu.externaltools.arm-none.win32_1.12.0.201611241417/tools/compiler/bin/../lib/gcc/arm-none-eabi/5.4.1/armv7-m\libgcc.a(_arm_muldivdf3.o)
 .ARM.attributes
                0x00000639       0x1d c:/ac6/systemworkbench/plugins/fr.ac6.mcu.externaltools.arm-none.win32_1.12.0.201611241417/tools/compiler/bin/../lib/gcc/arm-none-eabi/5.4.1/armv7-m\libgcc.a(_arm_cmpdf2.o)
 .ARM.attributes
                0x00000656       0x1d c:/ac6/systemworkbench/plugins/fr.ac6.mcu.externaltools.arm-none.win32_1.12.0.201611241417/tools/compiler/bin/../lib/gcc/arm-none-eabi/5.4.1/armv7-m\libgcc.a(_arm_fixdfsi.o)
 .ARM.attributes
                0x00000673       0x1d c:/ac6/systemworkbench/plugins/fr.ac6.mcu.externaltools.arm-none.win32_1.12.0.201611241417/tools/compiler/bin/../lib/gcc/arm-none-eabi/5.4.1/armv7-m\libgcc.a(_arm_fixunsdfsi.o)
 .ARM.attributes
                0x00000690       0x1d c:/ac6/systemworkbench/plugins/fr.ac6.mcu.externaltools.arm-none.win32_1.12.0.201611241417/tools/compiler/bin/../lib/gcc/arm-none-eabi/5.4.1/armv7-m\libgcc.a(_arm_truncdfsf2.o)
 .ARM.attributes
                0x000006ad       0x1d c:/ac6/systemworkbench/plugins/fr.ac6.mcu.externaltools.arm-none.win32_1.12.0.201611241417/tools/compiler/bin/../lib/gcc/arm-none-eabi/5.4.1/armv7-m\libgcc.a(_arm_addsubsf3.o)
 .ARM.attributes
                0x000006ca       0x2d c:/ac6/systemworkbench/plugins/fr.ac6.mcu.externaltools.arm-none.win32_1.12.0.201611241417/tools/compiler/bin/../lib/gcc/arm-none-eabi/5.4.1/armv7-m\libgcc.a(_fixdfdi.o)
 .ARM.attributes
                0x000006f7       0x2d c:/ac6/systemworkbench/plugins/fr.ac6.mcu.externaltools.arm-none.win32_1.12.0.201611241417/tools/compiler/bin/../lib/gcc/arm-none-eabi/5.4.1/armv7-m\libgcc.a(_fixunsdfdi.o)
 .ARM.attributes
                0x00000724       0x2d c:/ac6/systemworkbench/plugins/fr.ac6.mcu.externaltools.arm-none.win32_1.12.0.201611241417/tools/compiler/bin/../lib/gcc/arm-none-eabi/5.4.1/../../../../arm-none-eabi/lib/armv7-m\libc.a(lib_a-clock.o)
 .ARM.attributes
                0x00000751       0x2d c:/ac6/systemworkbench/plugins/fr.ac6.mcu.externaltools.arm-none.win32_1.12.0.201611241417/tools/compiler/bin/../lib/gcc/arm-none-eabi/5.4.1/../../../../arm-none-eabi/lib/armv7-m\libc.a(lib_a-impure.o)
 .ARM.attributes
                0x0000077e       0x2d c:/ac6/systemworkbench/plugins/fr.ac6.mcu.externaltools.arm-none.win32_1.12.0.201611241417/tools/compiler/bin/../lib/gcc/arm-none-eabi/5.4.1/../../../../arm-none-eabi/lib/armv7-m\libc.a(lib_a-init.o)
 .ARM.attributes
                0x000007ab       0x2d c:/ac6/systemworkbench/plugins/fr.ac6.mcu.externaltools.arm-none.win32_1.12.0.201611241417/tools/compiler/bin/../lib/gcc/arm-none-eabi/5.4.1/../../../../arm-none-eabi/lib/armv7-m\libc.a(lib_a-memcmp.o)
 .ARM.attributes
                0x000007d8       0x1b c:/ac6/systemworkbench/plugins/fr.ac6.mcu.externaltools.arm-none.win32_1.12.0.201611241417/tools/compiler/bin/../lib/gcc/arm-none-eabi/5.4.1/../../../../arm-none-eabi/lib/armv7-m\libc.a(lib_a-memcpy.o)
 .ARM.attributes
                0x000007f3       0x2d c:/ac6/systemworkbench/plugins/fr.ac6.mcu.externaltools.arm-none.win32_1.12.0.201611241417/tools/compiler/bin/../lib/gcc/arm-none-eabi/5.4.1/../../../../arm-none-eabi/lib/armv7-m\libc.a(lib_a-memset.o)
 .ARM.attributes
                0x00000820       0x2d c:/ac6/systemworkbench/plugins/fr.ac6.mcu.externaltools.arm-none.win32_1.12.0.201611241417/tools/compiler/bin/../lib/gcc/arm-none-eabi/5.4.1/../../../../arm-none-eabi/lib/armv7-m\libc.a(lib_a-reent.o)
 .ARM.attributes
                0x0000084d       0x2d c:/ac6/systemworkbench/plugins/fr.ac6.mcu.externaltools.arm-none.win32_1.12.0.201611241417/tools/compiler/bin/../lib/gcc/arm-none-eabi/5.4.1/../../../../arm-none-eabi/lib/armv7-m\libc.a(lib_a-sprintf.o)
 .ARM.attributes
                0x0000087a       0x2d c:/ac6/systemworkbench/plugins/fr.ac6.mcu.externaltools.arm-none.win32_1.12.0.201611241417/tools/compiler/bin/../lib/gcc/arm-none-eabi/5.4.1/../../../../arm-none-eabi/lib/armv7-m\libc.a(lib_a-strlen-stub.o)
 .ARM.attributes
                0x000008a7       0x2d c:/ac6/systemworkbench/plugins/fr.ac6.mcu.externaltools.arm-none.win32_1.12.0.201611241417/tools/compiler/bin/../lib/gcc/arm-none-eabi/5.4.1/../../../../arm-none-eabi/lib/armv7-m\libc.a(lib_a-svfprintf.o)
 .ARM.attributes
                0x000008d4       0x2d c:/ac6/systemworkbench/plugins/fr.ac6.mcu.externaltools.arm-none.win32_1.12.0.201611241417/tools/compiler/bin/../lib/gcc/arm-none-eabi/5.4.1/../../../../arm-none-eabi/lib/armv7-m\libc.a(lib_a-__call_atexit.o)
 .ARM.attributes
                0x00000901       0x2d c:/ac6/systemworkbench/plugins/fr.ac6.mcu.externaltools.arm-none.win32_1.12.0.201611241417/tools/compiler/bin/../lib/gcc/arm-none-eabi/5.4.1/../../../../arm-none-eabi/lib/armv7-m\libc.a(lib_a-atexit.o)
 .ARM.attributes
                0x0000092e       0x2d c:/ac6/systemworkbench/plugins/fr.ac6.mcu.externaltools.arm-none.win32_1.12.0.201611241417/tools/compiler/bin/../lib/gcc/arm-none-eabi/5.4.1/../../../../arm-none-eabi/lib/armv7-m\libc.a(lib_a-dtoa.o)
 .ARM.attributes
                0x0000095b       0x2d c:/ac6/systemworkbench/plugins/fr.ac6.mcu.externaltools.arm-none.win32_1.12.0.201611241417/tools/compiler/bin/../lib/gcc/arm-none-eabi/5.4.1/../../../../arm-none-eabi/lib/armv7-m\libc.a(lib_a-fini.o)
 .ARM.attributes
                0x00000988       0x2d c:/ac6/systemworkbench/plugins/fr.ac6.mcu.externaltools.arm-none.win32_1.12.0.201611241417/tools/compiler/bin/../lib/gcc/arm-none-eabi/5.4.1/../../../../arm-none-eabi/lib/armv7-m\libc.a(lib_a-freer.o)
 .ARM.attributes
                0x000009b5       0x2d c:/ac6/systemworkbench/plugins/fr.ac6.mcu.externaltools.arm-none.win32_1.12.0.201611241417/tools/compiler/bin/../lib/gcc/arm-none-eabi/5.4.1/../../../../arm-none-eabi/lib/armv7-m\libc.a(lib_a-locale.o)
 .ARM.attributes
                0x000009e2       0x2d c:/ac6/systemworkbench/plugins/fr.ac6.mcu.externaltools.arm-none.win32_1.12.0.201611241417/tools/compiler/bin/../lib/gcc/arm-none-eabi/5.4.1/../../../../arm-none-eabi/lib/armv7-m\libc.a(lib_a-mallocr.o)
 .ARM.attributes
                0x00000a0f       0x2d c:/ac6/systemworkbench/plugins/fr.ac6.mcu.externaltools.arm-none.win32_1.12.0.201611241417/tools/compiler/bin/../lib/gcc/arm-none-eabi/5.4.1/../../../../arm-none-eabi/lib/armv7-m\libc.a(lib_a-memchr-stub.o)
 .ARM.attributes
                0x00000a3c       0x2d c:/ac6/systemworkbench/plugins/fr.ac6.mcu.externaltools.arm-none.win32_1.12.0.201611241417/tools/compiler/bin/../lib/gcc/arm-none-eabi/5.4.1/../../../../arm-none-eabi/lib/armv7-m\libc.a(lib_a-memmove.o)
 .ARM.attributes
                0x00000a69       0x2d c:/ac6/systemworkbench/plugins/fr.ac6.mcu.externaltools.arm-none.win32_1.12.0.201611241417/tools/compiler/bin/../lib/gcc/arm-none-eabi/5.4.1/../../../../arm-none-eabi/lib/armv7-m\libc.a(lib_a-mlock.o)
 .ARM.attributes
                0x00000a96       0x2d c:/ac6/systemworkbench/plugins/fr.ac6.mcu.externaltools.arm-none.win32_1.12.0.201611241417/tools/compiler/bin/../lib/gcc/arm-none-eabi/5.4.1/../../../../arm-none-eabi/lib/armv7-m\libc.a(lib_a-mprec.o)
 .ARM.attributes
                0x00000ac3       0x2d c:/ac6/systemworkbench/plugins/fr.ac6.mcu.externaltools.arm-none.win32_1.12.0.201611241417/tools/compiler/bin/../lib/gcc/arm-none-eabi/5.4.1/../../../../arm-none-eabi/lib/armv7-m\libc.a(lib_a-reallocr.o)
 .ARM.attributes
                0x00000af0       0x2d c:/ac6/systemworkbench/plugins/fr.ac6.mcu.externaltools.arm-none.win32_1.12.0.201611241417/tools/compiler/bin/../lib/gcc/arm-none-eabi/5.4.1/../../../../arm-none-eabi/lib/armv7-m\libc.a(lib_a-sbrkr.o)
 .ARM.attributes
                0x00000b1d       0x2d c:/ac6/systemworkbench/plugins/fr.ac6.mcu.externaltools.arm-none.win32_1.12.0.201611241417/tools/compiler/bin/../lib/gcc/arm-none-eabi/5.4.1/../../../../arm-none-eabi/lib/armv7-m\libc.a(lib_a-svfiprintf.o)
 .ARM.attributes
                0x00000b4a       0x2d c:/ac6/systemworkbench/plugins/fr.ac6.mcu.externaltools.arm-none.win32_1.12.0.201611241417/tools/compiler/bin/../lib/gcc/arm-none-eabi/5.4.1/../../../../arm-none-eabi/lib/armv7-m\libc.a(lib_a-__atexit.o)
 .ARM.attributes
                0x00000b77       0x2d c:/ac6/systemworkbench/plugins/fr.ac6.mcu.externaltools.arm-none.win32_1.12.0.201611241417/tools/compiler/bin/../lib/gcc/arm-none-eabi/5.4.1/../../../../arm-none-eabi/lib/armv7-m\libc.a(lib_a-callocr.o)
 .ARM.attributes
                0x00000ba4       0x1d c:/ac6/systemworkbench/plugins/fr.ac6.mcu.externaltools.arm-none.win32_1.12.0.201611241417/tools/compiler/bin/../lib/gcc/arm-none-eabi/5.4.1/armv7-m\libgcc.a(_arm_unorddf2.o)
 .ARM.attributes
                0x00000bc1       0x1d c:/ac6/systemworkbench/plugins/fr.ac6.mcu.externaltools.arm-none.win32_1.12.0.201611241417/tools/compiler/bin/../lib/gcc/arm-none-eabi/5.4.1/armv7-m\libgcc.a(_aeabi_uldivmod.o)
 .ARM.attributes
                0x00000bde       0x2d c:/ac6/systemworkbench/plugins/fr.ac6.mcu.externaltools.arm-none.win32_1.12.0.201611241417/tools/compiler/bin/../lib/gcc/arm-none-eabi/5.4.1/armv7-m\libgcc.a(_udivmoddi4.o)
 .ARM.attributes
                0x00000c0b       0x1d c:/ac6/systemworkbench/plugins/fr.ac6.mcu.externaltools.arm-none.win32_1.12.0.201611241417/tools/compiler/bin/../lib/gcc/arm-none-eabi/5.4.1/armv7-m\libgcc.a(_dvmd_tls.o)
 .ARM.attributes
                0x00000c28       0x1d c:/ac6/systemworkbench/plugins/fr.ac6.mcu.externaltools.arm-none.win32_1.12.0.201611241417/tools/compiler/bin/../lib/gcc/arm-none-eabi/5.4.1/armv7-m/crtn.o

.DataFlash
 *(.DataFlash)
OUTPUT(BEA_TAG_SW.elf elf32-littlearm)

.debug_info     0x00000000    0x143d8
 .debug_info    0x00000000      0x55e StdPeriph_Driver/src/misc.o
 .debug_info    0x0000055e      0xcb9 StdPeriph_Driver/src/stm32l1xx_adc.o
 .debug_info    0x00001217      0x350 StdPeriph_Driver/src/stm32l1xx_exti.o
 .debug_info    0x00001567      0xd16 StdPeriph_Driver/src/stm32l1xx_flash.o
 .debug_info    0x0000227d      0x65a StdPeriph_Driver/src/stm32l1xx_gpio.o
 .debug_info    0x000028d7      0x4d0 StdPeriph_Driver/src/stm32l1xx_lcd.o
 .debug_info    0x00002da7      0x5d6 StdPeriph_Driver/src/stm32l1xx_pwr.o
 .debug_info    0x0000337d      0xa2d StdPeriph_Driver/src/stm32l1xx_rcc.o
 .debug_info    0x00003daa     0x1143 StdPeriph_Driver/src/stm32l1xx_rtc.o
 .debug_info    0x00004eed      0x8f7 StdPeriph_Driver/src/stm32l1xx_spi.o
 .debug_info    0x000057e4      0x501 StdPeriph_Driver/src/stm32l1xx_syscfg.o
 .debug_info    0x00005ce5     0x1973 StdPeriph_Driver/src/stm32l1xx_tim.o
 .debug_info    0x00007658      0x717 Utilities/stm32l_discovery_lcd.o
 .debug_info    0x00007d6f     0x1951 src/deca_device.o
 .debug_info    0x000096c0      0x458 src/deca_mutex.o
 .debug_info    0x00009b18      0x286 src/deca_params_init.o
 .debug_info    0x00009d9e      0x222 src/deca_range_tables.o
 .debug_info    0x00009fc0      0x47b src/deca_spi.o
 .debug_info    0x0000a43b     0x2097 src/deca_usb.o
 .debug_info    0x0000c4d2     0x1342 src/instance.o
 .debug_info    0x0000d814      0xdf8 src/instance_calib.o
 .debug_info    0x0000e60c     0x1921 src/instance_common.o
 .debug_info    0x0000ff2d     0x1a23 src/main.o
 .debug_info    0x00011950      0xf61 src/port.o
 .debug_info    0x000128b1      0xe2c src/stm32l1xx_it.o
 .debug_info    0x000136dd      0x5e5 src/syscalls.o
 .debug_info    0x00013cc2      0x56c src/system_stm32l1xx.o
 .debug_info    0x0001422e      0x134 src/unistd.o
 .debug_info    0x00014362       0x76 startup/startup_stm32l1xx_mdp.o

.debug_abbrev   0x00000000     0x3291
 .debug_abbrev  0x00000000      0x14c StdPeriph_Driver/src/misc.o
 .debug_abbrev  0x0000014c      0x185 StdPeriph_Driver/src/stm32l1xx_adc.o
 .debug_abbrev  0x000002d1      0x1ae StdPeriph_Driver/src/stm32l1xx_exti.o
 .debug_abbrev  0x0000047f      0x1cd StdPeriph_Driver/src/stm32l1xx_flash.o
 .debug_abbrev  0x0000064c      0x1ac StdPeriph_Driver/src/stm32l1xx_gpio.o
 .debug_abbrev  0x000007f8      0x1b8 StdPeriph_Driver/src/stm32l1xx_lcd.o
 .debug_abbrev  0x000009b0      0x1a4 StdPeriph_Driver/src/stm32l1xx_pwr.o
 .debug_abbrev  0x00000b54      0x1ea StdPeriph_Driver/src/stm32l1xx_rcc.o
 .debug_abbrev  0x00000d3e      0x1b5 StdPeriph_Driver/src/stm32l1xx_rtc.o
 .debug_abbrev  0x00000ef3      0x185 StdPeriph_Driver/src/stm32l1xx_spi.o
 .debug_abbrev  0x00001078      0x17d StdPeriph_Driver/src/stm32l1xx_syscfg.o
 .debug_abbrev  0x000011f5      0x1b7 StdPeriph_Driver/src/stm32l1xx_tim.o
 .debug_abbrev  0x000013ac      0x1ef Utilities/stm32l_discovery_lcd.o
 .debug_abbrev  0x0000159b      0x295 src/deca_device.o
 .debug_abbrev  0x00001830      0x152 src/deca_mutex.o
 .debug_abbrev  0x00001982       0x7c src/deca_params_init.o
 .debug_abbrev  0x000019fe       0xcd src/deca_range_tables.o
 .debug_abbrev  0x00001acb      0x16e src/deca_spi.o
 .debug_abbrev  0x00001c39      0x3b5 src/deca_usb.o
 .debug_abbrev  0x00001fee      0x2be src/instance.o
 .debug_abbrev  0x000022ac      0x1b9 src/instance_calib.o
 .debug_abbrev  0x00002465      0x2f1 src/instance_common.o
 .debug_abbrev  0x00002756      0x2bb src/main.o
 .debug_abbrev  0x00002a11      0x2ed src/port.o
 .debug_abbrev  0x00002cfe      0x209 src/stm32l1xx_it.o
 .debug_abbrev  0x00002f07      0x19e src/syscalls.o
 .debug_abbrev  0x000030a5      0x14c src/system_stm32l1xx.o
 .debug_abbrev  0x000031f1       0x8e src/unistd.o
 .debug_abbrev  0x0000327f       0x12 startup/startup_stm32l1xx_mdp.o

.debug_aranges  0x00000000     0x15c0
 .debug_aranges
                0x00000000       0x40 StdPeriph_Driver/src/misc.o
 .debug_aranges
                0x00000040      0x148 StdPeriph_Driver/src/stm32l1xx_adc.o
 .debug_aranges
                0x00000188       0x58 StdPeriph_Driver/src/stm32l1xx_exti.o
 .debug_aranges
                0x000001e0      0x180 StdPeriph_Driver/src/stm32l1xx_flash.o
 .debug_aranges
                0x00000360       0x88 StdPeriph_Driver/src/stm32l1xx_gpio.o
 .debug_aranges
                0x000003e8       0xa8 StdPeriph_Driver/src/stm32l1xx_lcd.o
 .debug_aranges
                0x00000490       0x88 StdPeriph_Driver/src/stm32l1xx_pwr.o
 .debug_aranges
                0x00000518      0x148 StdPeriph_Driver/src/stm32l1xx_rcc.o
 .debug_aranges
                0x00000660      0x1d0 StdPeriph_Driver/src/stm32l1xx_rtc.o
 .debug_aranges
                0x00000830       0xd0 StdPeriph_Driver/src/stm32l1xx_spi.o
 .debug_aranges
                0x00000900       0x80 StdPeriph_Driver/src/stm32l1xx_syscfg.o
 .debug_aranges
                0x00000980      0x2b8 StdPeriph_Driver/src/stm32l1xx_tim.o
 .debug_aranges
                0x00000c38       0x68 Utilities/stm32l_discovery_lcd.o
 .debug_aranges
                0x00000ca0      0x2c0 src/deca_device.o
 .debug_aranges
                0x00000f60       0x38 src/deca_mutex.o
 .debug_aranges
                0x00000f98       0x18 src/deca_params_init.o
 .debug_aranges
                0x00000fb0       0x20 src/deca_range_tables.o
 .debug_aranges
                0x00000fd0       0x40 src/deca_spi.o
 .debug_aranges
                0x00001010       0x80 src/deca_usb.o
 .debug_aranges
                0x00001090       0x70 src/instance.o
 .debug_aranges
                0x00001100       0x38 src/instance_calib.o
 .debug_aranges
                0x00001138      0x198 src/instance_common.o
 .debug_aranges
                0x000012d0       0x80 src/main.o
 .debug_aranges
                0x00001350       0xe0 src/port.o
 .debug_aranges
                0x00001430       0xa0 src/stm32l1xx_it.o
 .debug_aranges
                0x000014d0       0x70 src/syscalls.o
 .debug_aranges
                0x00001540       0x30 src/system_stm32l1xx.o
 .debug_aranges
                0x00001570       0x28 src/unistd.o
 .debug_aranges
                0x00001598       0x28 startup/startup_stm32l1xx_mdp.o

.debug_ranges   0x00000000     0x1498
 .debug_ranges  0x00000000       0x30 StdPeriph_Driver/src/misc.o
 .debug_ranges  0x00000030      0x138 StdPeriph_Driver/src/stm32l1xx_adc.o
 .debug_ranges  0x00000168       0x48 StdPeriph_Driver/src/stm32l1xx_exti.o
 .debug_ranges  0x000001b0      0x170 StdPeriph_Driver/src/stm32l1xx_flash.o
 .debug_ranges  0x00000320       0x78 StdPeriph_Driver/src/stm32l1xx_gpio.o
 .debug_ranges  0x00000398       0x98 StdPeriph_Driver/src/stm32l1xx_lcd.o
 .debug_ranges  0x00000430       0x78 StdPeriph_Driver/src/stm32l1xx_pwr.o
 .debug_ranges  0x000004a8      0x138 StdPeriph_Driver/src/stm32l1xx_rcc.o
 .debug_ranges  0x000005e0      0x1c0 StdPeriph_Driver/src/stm32l1xx_rtc.o
 .debug_ranges  0x000007a0       0xc0 StdPeriph_Driver/src/stm32l1xx_spi.o
 .debug_ranges  0x00000860       0x70 StdPeriph_Driver/src/stm32l1xx_syscfg.o
 .debug_ranges  0x000008d0      0x2a8 StdPeriph_Driver/src/stm32l1xx_tim.o
 .debug_ranges  0x00000b78       0x58 Utilities/stm32l_discovery_lcd.o
 .debug_ranges  0x00000bd0      0x2f8 src/deca_device.o
 .debug_ranges  0x00000ec8       0x28 src/deca_mutex.o
 .debug_ranges  0x00000ef0       0x10 src/deca_range_tables.o
 .debug_ranges  0x00000f00       0x30 src/deca_spi.o
 .debug_ranges  0x00000f30       0xb8 src/deca_usb.o
 .debug_ranges  0x00000fe8       0x78 src/instance.o
 .debug_ranges  0x00001060       0x28 src/instance_calib.o
 .debug_ranges  0x00001088      0x188 src/instance_common.o
 .debug_ranges  0x00001210       0x70 src/main.o
 .debug_ranges  0x00001280       0xd0 src/port.o
 .debug_ranges  0x00001350       0x90 src/stm32l1xx_it.o
 .debug_ranges  0x000013e0       0x60 src/syscalls.o
 .debug_ranges  0x00001440       0x20 src/system_stm32l1xx.o
 .debug_ranges  0x00001460       0x18 src/unistd.o
 .debug_ranges  0x00001478       0x20 startup/startup_stm32l1xx_mdp.o

.debug_macro    0x00000000    0x1725b
 .debug_macro   0x00000000      0x18f StdPeriph_Driver/src/misc.o
 .debug_macro   0x0000018f      0x898 StdPeriph_Driver/src/misc.o
 .debug_macro   0x00000a27       0x70 StdPeriph_Driver/src/misc.o
 .debug_macro   0x00000a97       0x3a StdPeriph_Driver/src/misc.o
 .debug_macro   0x00000ad1       0x22 StdPeriph_Driver/src/misc.o
 .debug_macro   0x00000af3       0x87 StdPeriph_Driver/src/misc.o
 .debug_macro   0x00000b7a       0x44 StdPeriph_Driver/src/misc.o
 .debug_macro   0x00000bbe       0xfd StdPeriph_Driver/src/misc.o
 .debug_macro   0x00000cbb       0x5e StdPeriph_Driver/src/misc.o
 .debug_macro   0x00000d19      0x1df StdPeriph_Driver/src/misc.o
 .debug_macro   0x00000ef8       0x2d StdPeriph_Driver/src/misc.o
 .debug_macro   0x00000f25      0xbb1 StdPeriph_Driver/src/misc.o
 .debug_macro   0x00001ad6     0x72a4 StdPeriph_Driver/src/misc.o
 .debug_macro   0x00008d7a      0x43e StdPeriph_Driver/src/misc.o
 .debug_macro   0x000091b8       0xa9 StdPeriph_Driver/src/misc.o
 .debug_macro   0x00009261      0x17f StdPeriph_Driver/src/misc.o
 .debug_macro   0x000093e0       0x82 StdPeriph_Driver/src/misc.o
 .debug_macro   0x00009462      0x3ae StdPeriph_Driver/src/misc.o
 .debug_macro   0x00009810       0xb9 StdPeriph_Driver/src/misc.o
 .debug_macro   0x000098c9      0x422 StdPeriph_Driver/src/misc.o
 .debug_macro   0x00009ceb      0x203 StdPeriph_Driver/src/misc.o
 .debug_macro   0x00009eee      0x421 StdPeriph_Driver/src/misc.o
 .debug_macro   0x0000a30f      0x2b2 StdPeriph_Driver/src/misc.o
 .debug_macro   0x0000a5c1       0x64 StdPeriph_Driver/src/misc.o
 .debug_macro   0x0000a625      0x325 StdPeriph_Driver/src/misc.o
 .debug_macro   0x0000a94a       0xe1 StdPeriph_Driver/src/misc.o
 .debug_macro   0x0000aa2b      0x413 StdPeriph_Driver/src/misc.o
 .debug_macro   0x0000ae3e      0x5cf StdPeriph_Driver/src/misc.o
 .debug_macro   0x0000b40d      0x357 StdPeriph_Driver/src/misc.o
 .debug_macro   0x0000b764      0x66f StdPeriph_Driver/src/misc.o
 .debug_macro   0x0000bdd3      0x220 StdPeriph_Driver/src/misc.o
 .debug_macro   0x0000bff3       0x34 StdPeriph_Driver/src/misc.o
 .debug_macro   0x0000c027       0x35 StdPeriph_Driver/src/misc.o
 .debug_macro   0x0000c05c       0x82 StdPeriph_Driver/src/misc.o
 .debug_macro   0x0000c0de      0x21d StdPeriph_Driver/src/stm32l1xx_adc.o
 .debug_macro   0x0000c2fb       0x88 StdPeriph_Driver/src/stm32l1xx_adc.o
 .debug_macro   0x0000c383      0x18f StdPeriph_Driver/src/stm32l1xx_exti.o
 .debug_macro   0x0000c512       0xb3 StdPeriph_Driver/src/stm32l1xx_exti.o
 .debug_macro   0x0000c5c5      0x1ad StdPeriph_Driver/src/stm32l1xx_flash.o
 .debug_macro   0x0000c772      0x41c StdPeriph_Driver/src/stm32l1xx_flash.o
 .debug_macro   0x0000cb8e      0x18d StdPeriph_Driver/src/stm32l1xx_gpio.o
 .debug_macro   0x0000cd1b      0x1fd StdPeriph_Driver/src/stm32l1xx_gpio.o
 .debug_macro   0x0000cf18      0x203 StdPeriph_Driver/src/stm32l1xx_lcd.o
 .debug_macro   0x0000d11b      0x31f StdPeriph_Driver/src/stm32l1xx_lcd.o
 .debug_macro   0x0000d43a      0x1ed StdPeriph_Driver/src/stm32l1xx_pwr.o
 .debug_macro   0x0000d627       0xdb StdPeriph_Driver/src/stm32l1xx_pwr.o
 .debug_macro   0x0000d702      0x22f StdPeriph_Driver/src/stm32l1xx_rcc.o